Component: ARM Compiler 6.14 Tool: armlink [5db06800]

==============================================================================

Section Cross References

    startup_stm32f103xb.o(STACK) refers (Special) to heapauxi.o(.text) for __use_two_region_memory
    startup_stm32f103xb.o(HEAP) refers (Special) to heapauxi.o(.text) for __use_two_region_memory
    startup_stm32f103xb.o(RESET) refers (Special) to heapauxi.o(.text) for __use_two_region_memory
    startup_stm32f103xb.o(RESET) refers to startup_stm32f103xb.o(STACK) for __initial_sp
    startup_stm32f103xb.o(RESET) refers to startup_stm32f103xb.o(.text) for Reset_Handler
    startup_stm32f103xb.o(RESET) refers to stm32f1xx_it.o(.text.NMI_Handler) for NMI_Handler
    startup_stm32f103xb.o(RESET) refers to stm32f1xx_it.o(.text.HardFault_Handler) for HardFault_Handler
    startup_stm32f103xb.o(RESET) refers to stm32f1xx_it.o(.text.MemManage_Handler) for MemManage_Handler
    startup_stm32f103xb.o(RESET) refers to stm32f1xx_it.o(.text.BusFault_Handler) for BusFault_Handler
    startup_stm32f103xb.o(RESET) refers to stm32f1xx_it.o(.text.UsageFault_Handler) for UsageFault_Handler
    startup_stm32f103xb.o(RESET) refers to port.o(.text.SVC_Handler) for SVC_Handler
    startup_stm32f103xb.o(RESET) refers to port.o(.text.PendSV_Handler) for PendSV_Handler
    startup_stm32f103xb.o(RESET) refers to port.o(.text.SysTick_Handler) for SysTick_Handler
    startup_stm32f103xb.o(RESET) refers to stm32f1xx_it.o(.text.TIM4_IRQHandler) for TIM4_IRQHandler
    startup_stm32f103xb.o(.text) refers (Special) to heapauxi.o(.text) for __use_two_region_memory
    startup_stm32f103xb.o(.text) refers to system_stm32f1xx.o(.text.SystemInit) for SystemInit
    startup_stm32f103xb.o(.text) refers to __main.o(!!!main) for __main
    startup_stm32f103xb.o(.text) refers to startup_stm32f103xb.o(HEAP) for Heap_Mem
    startup_stm32f103xb.o(.text) refers to startup_stm32f103xb.o(STACK) for Stack_Mem
    main.o(.text) refers (Special) to _printf_d.o(.ARM.Collect$$_printf_percent$$00000009) for _printf_d
    main.o(.text) refers (Special) to _printf_dec.o(.text) for _printf_int_dec
    main.o(.text) refers (Special) to _printf_percent.o(.ARM.Collect$$_printf_percent$$00000000) for _printf_percent
    main.o(.text.Sensor_Task) refers (Special) to _printf_d.o(.ARM.Collect$$_printf_percent$$00000009) for _printf_d
    main.o(.text.Sensor_Task) refers (Special) to _printf_dec.o(.text) for _printf_int_dec
    main.o(.text.Sensor_Task) refers (Special) to _printf_percent.o(.ARM.Collect$$_printf_percent$$00000000) for _printf_percent
    main.o(.text.Sensor_Task) refers to dht11.o(.text.DHT11_Init) for DHT11_Init
    main.o(.text.Sensor_Task) refers to main.o(.bss.hadc1) for hadc1
    main.o(.text.Sensor_Task) refers to light_sensor.o(.text.LightSensor_Init) for LightSensor_Init
    main.o(.text.Sensor_Task) refers to hcsr05.o(.text.HCSR05_INIT) for HCSR05_INIT
    main.o(.text.Sensor_Task) refers to main.o(.bss.dhtData) for dhtData
    main.o(.text.Sensor_Task) refers to main.o(.bss.sensorQueue) for sensorQueue
    main.o(.text.Sensor_Task) refers to main.o(.bss.displayQueue) for displayQueue
    main.o(.text.Sensor_Task) refers to dht11.o(.text.DHT11_Read) for DHT11_Read
    main.o(.text.Sensor_Task) refers to light_sensor.o(.text.LightSensor_ReadRaw) for LightSensor_ReadRaw
    main.o(.text.Sensor_Task) refers to hcsr05.o(.text.HCSR05_GetDis) for HCSR05_GetDis
    main.o(.text.Sensor_Task) refers to queue.o(.text.xQueueGenericSend) for xQueueGenericSend
    main.o(.text.Sensor_Task) refers to tasks.o(.text.vTaskDelay) for vTaskDelay
    main.o(.ARM.exidx.text.Sensor_Task) refers (Special) to _printf_d.o(.ARM.Collect$$_printf_percent$$00000009) for _printf_d
    main.o(.ARM.exidx.text.Sensor_Task) refers (Special) to _printf_dec.o(.text) for _printf_int_dec
    main.o(.ARM.exidx.text.Sensor_Task) refers (Special) to _printf_percent.o(.ARM.Collect$$_printf_percent$$00000000) for _printf_percent
    main.o(.ARM.exidx.text.Sensor_Task) refers to main.o(.text.Sensor_Task) for [Anonymous Symbol]
    main.o(.text.Process_Task) refers (Special) to _printf_d.o(.ARM.Collect$$_printf_percent$$00000009) for _printf_d
    main.o(.text.Process_Task) refers (Special) to _printf_dec.o(.text) for _printf_int_dec
    main.o(.text.Process_Task) refers (Special) to _printf_percent.o(.ARM.Collect$$_printf_percent$$00000000) for _printf_percent
    main.o(.text.Process_Task) refers to main.o(.bss.htim1) for htim1
    main.o(.text.Process_Task) refers to servo.o(.text.Servo_Init) for Servo_Init
    main.o(.text.Process_Task) refers to main.o(.bss.sensorQueue) for sensorQueue
    main.o(.text.Process_Task) refers to queue.o(.text.xQueueGenericReceive) for xQueueGenericReceive
    main.o(.text.Process_Task) refers to servo.o(.text.Servo_SetAngle) for Servo_SetAngle
    main.o(.text.Process_Task) refers to stm32f1xx_hal_gpio.o(.text.HAL_GPIO_WritePin) for HAL_GPIO_WritePin
[...]
    [Anonymous Symbol]                       0x080043ec   Section        0  port.o(.text.vPortExitCritical)
    [Anonymous Symbol]                       0x08004408   Section        0  heap_4.o(.text.vPortFree)
    [Anonymous Symbol]                       0x08004460   Section        0  port.o(.text.vPortSetupTimerInterrupt)
    [Anonymous Symbol]                       0x08004478   Section        0  tasks.o(.text.vTaskDelay)
    [Anonymous Symbol]                       0x080044ac   Section        0  tasks.o(.text.vTaskMissedYield)
    [Anonymous Symbol]                       0x080044bc   Section        0  tasks.o(.text.vTaskPlaceOnEventList)
    [Anonymous Symbol]                       0x080044dc   Section        0  tasks.o(.text.vTaskPriorityInherit)
    [Anonymous Symbol]                       0x08004578   Section        0  tasks.o(.text.vTaskSetTimeOutState)
    [Anonymous Symbol]                       0x08004594   Section        0  tasks.o(.text.vTaskStartScheduler)
    [Anonymous Symbol]                       0x08004600   Section        0  tasks.o(.text.vTaskSuspendAll)
    [Anonymous Symbol]                       0x08004610   Section        0  tasks.o(.text.vTaskSwitchContext)
    [Anonymous Symbol]                       0x0800467c   Section        0  port.o(.text.xPortStartScheduler)
    [Anonymous Symbol]                       0x080046ac   Section        0  queue.o(.text.xQueueCreateMutex)
    [Anonymous Symbol]                       0x080046c4   Section        0  queue.o(.text.xQueueGenericCreate)
    [Anonymous Symbol]                       0x080046f8   Section        0  queue.o(.text.xQueueGenericReceive)
    [Anonymous Symbol]                       0x08004878   Section        0  queue.o(.text.xQueueGenericReset)
    [Anonymous Symbol]                       0x080048e4   Section        0  queue.o(.text.xQueueGenericSend)
    [Anonymous Symbol]                       0x08004a1c   Section        0  tasks.o(.text.xTaskCheckForTimeOut)
    [Anonymous Symbol]                       0x08004a74   Section        0  tasks.o(.text.xTaskCreate)
    [Anonymous Symbol]                       0x08004ad4   Section        0  tasks.o(.text.xTaskIncrementTick)
    [Anonymous Symbol]                       0x08004c20   Section        0  tasks.o(.text.xTaskPriorityDisinherit)
    [Anonymous Symbol]                       0x08004ca0   Section        0  tasks.o(.text.xTaskRemoveFromEventList)
    [Anonymous Symbol]                       0x08004d1c   Section        0  tasks.o(.text.xTaskResumeAll)
    i._is_digit                              0x08004e1c   Section        0  __printf_wp.o(i._is_digit)
    maptable                                 0x08004e2a   Data          17  __printf_flags_ss_wp.o(.constdata)
    .constdata                               0x08004e2a   Section       17  __printf_flags_ss_wp.o(.constdata)
    .L.str.3                                 0x0800b114   Data          14  main.o(.rodata.str1.1)
    [Anonymous Symbol]                       0x0800b114   Section        0  main.o(.rodata.str1.1)
    .L.str.2                                 0x0800b122   Data          14  main.o(.rodata.str1.1)
    .L.str.1                                 0x0800b130   Data          14  main.o(.rodata.str1.1)
    u8InitCmdList                            0x0800b13e   Data          82  tft.o(.rodata.u8InitCmdList)
    [Anonymous Symbol]                       0x0800b13e   Section        0  tft.o(.rodata.u8InitCmdList)
    uxCriticalNesting                        0x2000000c   Data           4  port.o(.data.uxCriticalNesting)
    [Anonymous Symbol]                       0x2000000c   Section        0  port.o(.data.uxCriticalNesting)
    .bss                                     0x20000010   Section       96  libspace.o(.bss)
    DHT_Pin                                  0x20000070   Data           2  dht11.o(.bss.DHT_Pin)
    [Anonymous Symbol]                       0x20000070   Section        0  dht11.o(.bss.DHT_Pin)
    DHT_Port                                 0x20000074   Data           4  dht11.o(.bss.DHT_Port)
    [Anonymous Symbol]                       0x20000074   Section        0  dht11.o(.bss.DHT_Port)
    ECHO_Pin                                 0x20000078   Data           2  hcsr05.o(.bss.ECHO_Pin)
    [Anonymous Symbol]                       0x20000078   Section        0  hcsr05.o(.bss.ECHO_Pin)
    ECHO_Port                                0x2000007c   Data           4  hcsr05.o(.bss.ECHO_Port)
    [Anonymous Symbol]                       0x2000007c   Section        0  hcsr05.o(.bss.ECHO_Port)
    TRIG_Pin                                 0x20000080   Data           2  hcsr05.o(.bss.TRIG_Pin)
    [Anonymous Symbol]                       0x20000080   Section        0  hcsr05.o(.bss.TRIG_Pin)
    TRIG_Port                                0x20000084   Data           4  hcsr05.o(.bss.TRIG_Port)
    [Anonymous Symbol]                       0x20000084   Section        0  hcsr05.o(.bss.TRIG_Port)
    debug_mutex                              0x20000088   Data           4  debug_uart.o(.bss.debug_mutex)
    [Anonymous Symbol]                       0x20000088   Section        0  debug_uart.o(.bss.debug_mutex)
    debug_uart                               0x2000008c   Data           4  debug_uart.o(.bss.debug_uart)
    [Anonymous Symbol]                       0x2000008c   Section        0  debug_uart.o(.bss.debug_uart)
    light_hadc                               0x20000294   Data           4  light_sensor.o(.bss.light_hadc)
    [Anonymous Symbol]                       0x20000294   Section        0  light_sensor.o(.bss.light_hadc)
    pxDelayedTaskList                        0x2000029c   Data           4  tasks.o(.bss.pxDelayedTaskList)
    [Anonymous Symbol]                       0x2000029c   Section        0  tasks.o(.bss.pxDelayedTaskList)
    pxEnd                                    0x200002a0   Data           4  heap_4.o(.bss.pxEnd)
    [Anonymous Symbol]                       0x200002a0   Section        0  heap_4.o(.bss.pxEnd)
    pxOverflowDelayedTaskList                0x200002a4   Data           4  tasks.o(.bss.pxOverflowDelayedTaskList)
    [Anonymous Symbol]                       0x200002a4   Section        0  tasks.o(.bss.pxOverflowDelayedTaskList)
    pxReadyTasksLists                        0x200002a8   Data         100  tasks.o(.bss.pxReadyTasksLists)
    [Anonymous Symbol]                       0x200002a8   Section        0  tasks.o(.bss.pxReadyTasksLists)
    servo_channel                            0x20000310   Data           4  servo.o(.bss.servo_channel)
    [Anonymous Symbol]                       0x20000310   Section        0  servo.o(.bss.servo_channel)
    servo_tim                                0x20000314   Data           4  servo.o(.bss.servo_tim)
    [Anonymous Symbol]                       0x20000314   Section        0  servo.o(.bss.servo_tim)
    ucHeap                                   0x2000031c   Data       14336  heap_4.o(.bss.ucHeap)
    [Anonymous Symbol]                       0x2000031c   Section        0  heap_4.o(.bss.ucHeap)
    uxCurrentNumberOfTasks                   0x20003b20   Data           4  tasks.o(.bss.uxCurrentNumberOfTasks)
    [Anonymous Symbol]                       0x20003b20   Section        0  tasks.o(.bss.uxCurrentNumberOfTasks)
    uxDeletedTasksWaitingCleanUp             0x20003b24   Data           4  tasks.o(.bss.uxDeletedTasksWaitingCleanUp)
    [Anonymous Symbol]                       0x20003b24   Section        0  tasks.o(.bss.uxDeletedTasksWaitingCleanUp)
    uxPendedTicks                            0x20003b28   Data           4  tasks.o(.bss.uxPendedTicks)
    [Anonymous Symbol]                       0x20003b28   Section        0  tasks.o(.bss.uxPendedTicks)
    uxSchedulerSuspended                     0x20003b2c   Data           4  tasks.o(.bss.uxSchedulerSuspended)
    [Anonymous Symbol]                       0x20003b2c   Section        0  tasks.o(.bss.uxSchedulerSuspended)
    uxTaskNumber                             0x20003b30   Data           4  tasks.o(.bss.uxTaskNumber)
    [Anonymous Symbol]                       0x20003b30   Section        0  tasks.o(.bss.uxTaskNumber)
    uxTopReadyPriority                       0x20003b34   Data           4  tasks.o(.bss.uxTopReadyPriority)
    [Anonymous Symbol]                       0x20003b34   Section        0  tasks.o(.bss.uxTopReadyPriority)
    xBlockAllocatedBit                       0x20003b38   Data           1  heap_4.o(.bss.xBlockAllocatedBit)
    [Anonymous Symbol]                       0x20003b38   Section        0  heap_4.o(.bss.xBlockAllocatedBit)
    xDelayedTaskList1                        0x20003b3c   Data          20  tasks.o(.bss.xDelayedTaskList1)
    [Anonymous Symbol]                       0x20003b3c   Section        0  tasks.o(.bss.xDelayedTaskList1)
    xDelayedTaskList2                        0x20003b50   Data          20  tasks.o(.bss.xDelayedTaskList2)
    [Anonymous Symbol]                       0x20003b50   Section        0  tasks.o(.bss.xDelayedTaskList2)
    xFreeBytesRemaining                      0x20003b64   Data           4  heap_4.o(.bss.xFreeBytesRemaining)
    [Anonymous Symbol]                       0x20003b64   Section        0  heap_4.o(.bss.xFreeBytesRemaining)
    xIdleTaskHandle                          0x20003b68   Data           4  tasks.o(.bss.xIdleTaskHandle)
    [Anonymous Symbol]                       0x20003b68   Section        0  tasks.o(.bss.xIdleTaskHandle)
    xMinimumEverFreeBytesRemaining           0x20003b6c   Data           4  heap_4.o(.bss.xMinimumEverFreeBytesRemaining)
    [Anonymous Symbol]                       0x20003b6c   Section        0  heap_4.o(.bss.xMinimumEverFreeBytesRemaining)
    xNextTaskUnblockTime                     0x20003b70   Data           4  tasks.o(.bss.xNextTaskUnblockTime)
    [Anonymous Symbol]                       0x20003b70   Section        0  tasks.o(.bss.xNextTaskUnblockTime)
    xNumOfOverflows                          0x20003b74   Data           4  tasks.o(.bss.xNumOfOverflows)
    [Anonymous Symbol]                       0x20003b74   Section        0  tasks.o(.bss.xNumOfOverflows)
    xPendingReadyList                        0x20003b78   Data          20  tasks.o(.bss.xPendingReadyList)
    [Anonymous Symbol]                       0x20003b78   Section        0  tasks.o(.bss.xPendingReadyList)
    xSchedulerRunning                        0x20003b8c   Data           4  tasks.o(.bss.xSchedulerRunning)
    [Anonymous Symbol]                       0x20003b8c   Section        0  tasks.o(.bss.xSchedulerRunning)
    xStart                                   0x20003b90   Data           8  heap_4.o(.bss.xStart)
    [Anonymous Symbol]                       0x20003b90   Section        0  heap_4.o(.bss.xStart)
    xSuspendedTaskList                       0x20003b98   Data          20  tasks.o(.bss.xSuspendedTaskList)
    [Anonymous Symbol]                       0x20003b98   Section        0  tasks.o(.bss.xSuspendedTaskList)
    xTasksWaitingTermination                 0x20003bac   Data          20  tasks.o(.bss.xTasksWaitingTermination)
    [Anonymous Symbol]                       0x20003bac   Section        0  tasks.o(.bss.xTasksWaitingTermination)
    xTickCount                               0x20003bc0   Data           4  tasks.o(.bss.xTickCount)
    [Anonymous Symbol]                       0x20003bc0   Section        0  tasks.o(.bss.xTickCount)
    xYieldPending                            0x20003bc4   Data           4  tasks.o(.bss.xYieldPending)
    [Anonymous Symbol]                       0x20003bc4   Section        0  tasks.o(.bss.xYieldPending)
    Heap_Mem                                 0x20003bc8   Data         512  startup_stm32f103xb.o(HEAP)
    HEAP                                     0x20003bc8   Section      512  startup_stm32f103xb.o(HEAP)
    Stack_Mem                                0x20003dc8   Data        1024  startup_stm32f103xb.o(STACK)
    STACK                                    0x20003dc8   Section     1024  startup_stm32f103xb.o(STACK)
    __initial_sp                             0x200041c8   Data           0  startup_stm32f103xb.o(STACK)

    Global Symbols

    Symbol Name                              Value     Ov Type        Size  Object(Section)

    BuildAttributes$$THM_ISAv4$P$D$K$B$S$PE$A:L22UL41UL21$X:L11$S22US41US21$IEEE1$IW$~IW$USESV6$~STKCKD$USESV7$~SHL$OTIME$ROPI$IEEEJ$EBA8$UX$STANDARDLIB$REQ8$PRES8$EABIv2 0x00000000   Number         0  anon$$obj.o ABSOLUTE
    __fp_init_empty                          0x00000000   Number         0  fpinit_empty.o ABSOLUTE
    _printf_flags                            0x00000000   Number         0  printf_stubs.o ABSOLUTE
    _printf_return_value                     0x00000000   Number         0  printf_stubs.o ABSOLUTE
    _printf_sizespec                         0x00000000   Number         0  printf_stubs.o ABSOLUTE
    _printf_widthprec                        0x00000000   Number         0  printf_stubs.o ABSOLUTE
    __ARM_exceptions_init                     - Undefined Weak Reference
    __alloca_initialize                       - Undefined Weak Reference
    __arm_preinit_                            - Undefined Weak Reference
    __cpp_initialize__aeabi_                  - Undefined Weak Reference
    __cxa_finalize                            - Undefined Weak Reference
    __sigvec_lookup                           - Undefined Weak Reference
    _atexit_init                              - Undefined Weak Reference
    _call_atexit_fns                          - Undefined Weak Reference
    _clock_init                               - Undefined Weak Reference
    _fp_trap_init                             - Undefined Weak Reference
    _fp_trap_shutdown                         - Undefined Weak Reference
    _get_lc_collate                           - Undefined Weak Reference
    _get_lc_monetary                          - Undefined Weak Reference
    _get_lc_time                              - Undefined Weak Reference
    _getenv_init                              - Undefined Weak Reference
    _handle_redirection                       - Undefined Weak Reference
    _init_alloc                               - Undefined Weak Reference
    _init_user_alloc                          - Undefined Weak Reference
    _initio                                   - Undefined Weak Reference
    _printf_mbtowc                            - Undefined Weak Reference
    _printf_wc                                - Undefined Weak Reference
    _rand_init                                - Undefined Weak Reference
    _signal_finish                            - Undefined Weak Reference
    _signal_init                              - Undefined Weak Reference
    _terminate_alloc                          - Undefined Weak Reference
    _terminate_user_alloc                     - Undefined Weak Reference
    _terminateio                              - Undefined Weak Reference
    __Vectors_Size                           0x000000ec   Number         0  startup_stm32f103xb.o ABSOLUTE
    __Vectors                                0x08000000   Data           4  startup_stm32f103xb.o(RESET)
    __Vectors_End                            0x080000ec   Data           0  startup_stm32f103xb.o(RESET)
    __main                                   0x080000ed   Thumb Code     8  __main.o(!!!main)
    __scatterload                            0x080000f5   Thumb Code     0  __scatter.o(!!!scatter)
    __scatterload_rt2                        0x080000f5   Thumb Code    44  __scatter.o(!!!scatter)
    __scatterload_rt2_thumb_only             0x080000f5   Thumb Code     0  __scatter.o(!!!scatter)
    __scatterload_null                       0x08000103   Thumb Code     0  __scatter.o(!!!scatter)
    __scatterload_copy                       0x08000129   Thumb Code    26  __scatter_copy.o(!!handler_copy)
    __scatterload_zeroinit                   0x08000145   Thumb Code    28  __scatter_zi.o(!!handler_zi)
    _printf_d                                0x08000161   Thumb Code     0  _printf_d.o(.ARM.Collect$$_printf_percent$$00000009)
    _printf_percent                          0x08000161   Thumb Code     0  _printf_percent.o(.ARM.Collect$$_printf_percent$$00000000)
    _printf_percent_end                      0x08000167   Thumb Code     0  _printf_percent_end.o(.ARM.Collect$$_printf_percent$$00000017)
    __rt_lib_init                            0x0800016b   Thumb Code     0  libinit.o(.ARM.Collect$$libinit$$00000000)
    __rt_lib_init_alloca_1                   0x0800016d   Thumb Code     0  libinit2.o(.ARM.Collect$$libinit$$0000002E)
    __rt_lib_init_argv_1                     0x0800016d   Thumb Code     0  libinit2.o(.ARM.Collect$$libinit$$0000002C)
    __rt_lib_init_atexit_1                   0x0800016d   Thumb Code     0  libinit2.o(.ARM.Collect$$libinit$$0000001B)
    __rt_lib_init_clock_1                    0x0800016d   Thumb Code     0  libinit2.o(.ARM.Collect$$libinit$$00000021)
    __rt_lib_init_cpp_1                      0x0800016d   Thumb Code     0  libinit2.o(.ARM.Collect$$libinit$$00000032)
    __rt_lib_init_exceptions_1               0x0800016d   Thumb Code     0  libinit2.o(.ARM.Collect$$libinit$$00000030)
    __rt_lib_init_fp_1                       0x0800016d   Thumb Code     0  libinit2.o(.ARM.Collect$$libinit$$00000002)
    __rt_lib_init_fp_trap_1                  0x0800016d   Thumb Code     0  libinit2.o(.ARM.Collect$$libinit$$0000001F)
    __rt_lib_init_getenv_1                   0x0800016d   Thumb Code     0  libinit2.o(.ARM.Collect$$libinit$$00000023)
    __rt_lib_init_heap_1                     0x0800016d   Thumb Code     0  libinit2.o(.ARM.Collect$$libinit$$0000000A)
    __rt_lib_init_lc_collate_1               0x0800016d   Thumb Code     0  libinit2.o(.ARM.Collect$$libinit$$00000011)
    __rt_lib_init_lc_ctype_1                 0x0800016d   Thumb Code     0  libinit2.o(.ARM.Collect$$libinit$$00000013)
    __rt_lib_init_lc_monetary_1              0x0800016d   Thumb Code     0  libinit2.o(.ARM.Collect$$libinit$$00000015)
    __rt_lib_init_lc_numeric_1               0x0800016d   Thumb Code     0  libinit2.o(.ARM.Collect$$libinit$$00000017)
    __rt_lib_init_lc_time_1                  0x0800016d   Thumb Code     0  libinit2.o(.ARM.Collect$$libinit$$00000019)
    __rt_lib_init_preinit_1                  0x0800016d   Thumb Code     0  libinit2.o(.ARM.Collect$$libinit$$00000004)
    __rt_lib_init_rand_1                     0x0800016d   Thumb Code     0  libinit2.o(.ARM.Collect$$libinit$$0000000E)
    __rt_lib_init_return                     0x0800016d   Thumb Code     0  libinit2.o(.ARM.Collect$$libinit$$00000033)
    __rt_lib_init_signal_1                   0x0800016d   Thumb Code     0  libinit2.o(.ARM.Collect$$libinit$$0000001D)
    __rt_lib_init_stdio_1                    0x0800016d   Thumb Code     0  libinit2.o(.ARM.Collect$$libinit$$00000025)
    __rt_lib_init_user_alloc_1               0x0800016d   Thumb Code     0  libinit2.o(.ARM.Collect$$libinit$$0000000C)
    __rt_lib_shutdown                        0x0800016f   Thumb Code     0  libshutdown.o(.ARM.Collect$$libshutdown$$00000000)
    __rt_lib_shutdown_cpp_1                  0x08000171   Thumb Code     0  libshutdown2.o(.ARM.Collect$$libshutdown$$00000002)
    __rt_lib_shutdown_fp_trap_1              0x08000171   Thumb Code     0  libshutdown2.o(.ARM.Collect$$libshutdown$$00000007)
    __rt_lib_shutdown_heap_1                 0x08000171   Thumb Code     0  libshutdown2.o(.ARM.Collect$$libshutdown$$0000000F)
    __rt_lib_shutdown_return                 0x08000171   Thumb Code     0  libshutdown2.o(.ARM.Collect$$libshutdown$$00000010)
    __rt_lib_shutdown_signal_1               0x08000171   Thumb Code     0  libshutdown2.o(.ARM.Collect$$libshutdown$$0000000A)
    __rt_lib_shutdown_stdio_1                0x08000171   Thumb Code     0  libshutdown2.o(.ARM.Collect$$libshutdown$$00000004)
    __rt_lib_shutdown_user_alloc_1           0x08000171   Thumb Code     0  libshutdown2.o(.ARM.Collect$$libshutdown$$0000000C)
    __rt_entry                               0x08000173   Thumb Code     0  __rtentry.o(.ARM.Collect$$rtentry$$00000000)
    __rt_entry_presh_1                       0x08000173   Thumb Code     0  __rtentry2.o(.ARM.Collect$$rtentry$$00000002)
    __rt_entry_sh                            0x08000173   Thumb Code     0  __rtentry4.o(.ARM.Collect$$rtentry$$00000004)
    __rt_entry_li                            0x08000179   Thumb Code     0  __rtentry2.o(.ARM.Collect$$rtentry$$0000000A)
    __rt_entry_postsh_1                      0x08000179   Thumb Code     0  __rtentry2.o(.ARM.Collect$$rtentry$$00000009)
    __rt_entry_main                          0x0800017d   Thumb Code     0  __rtentry2.o(.ARM.Collect$$rtentry$$0000000D)
    __rt_entry_postli_1                      0x0800017d   Thumb Code     0  __rtentry2.o(.ARM.Collect$$rtentry$$0000000C)
    __rt_exit                                0x08000185   Thumb Code     0  rtexit.o(.ARM.Collect$$rtexit$$00000000)
    __rt_exit_ls                             0x08000187   Thumb Code     0  rtexit2.o(.ARM.Collect$$rtexit$$00000003)
    __rt_exit_prels_1                        0x08000187   Thumb Code     0  rtexit2.o(.ARM.Collect$$rtexit$$00000002)
    __rt_exit_exit                           0x0800018b   Thumb Code     0  rtexit2.o(.ARM.Collect$$rtexit$$00000004)
    Reset_Handler                            0x08000191   Thumb Code     8  startup_stm32f103xb.o(.text)
    DebugMon_Handler                         0x080001a5   Thumb Code     2  startup_stm32f103xb.o(.text)
    ADC1_2_IRQHandler                        0x080001ab   Thumb Code     0  startup_stm32f103xb.o(.text)
    CAN1_RX1_IRQHandler                      0x080001ab   Thumb Code     0  startup_stm32f103xb.o(.text)
    CAN1_SCE_IRQHandler                      0x080001ab   Thumb Code     0  startup_stm32f103xb.o(.text)
    DMA1_Channel1_IRQHandler                 0x080001ab   Thumb Code     0  startup_stm32f103xb.o(.text)
    DMA1_Channel2_IRQHandler                 0x080001ab   Thumb Code     0  startup_stm32f103xb.o(.text)
    DMA1_Channel3_IRQHandler                 0x080001ab   Thumb Code     0  startup_stm32f103xb.o(.text)
    DMA1_Channel4_IRQHandler                 0x080001ab   Thumb Code     0  startup_stm32f103xb.o(.text)
    DMA1_Channel5_IRQHandler                 0x080001ab   Thumb Code     0  startup_stm32f103xb.o(.text)
    DMA1_Channel6_IRQHandler                 0x080001ab   Thumb Code     0  startup_stm32f103xb.o(.text)
    DMA1_Channel7_IRQHandler                 0x080001ab   Thumb Code     0  startup_stm32f103xb.o(.text)
    EXTI0_IRQHandler                         0x080001ab   Thumb Code     0  startup_stm32f103xb.o(.text)
    EXTI15_10_IRQHandler                     0x080001ab   Thumb Code     0  startup_stm32f103xb.o(.text)
    EXTI1_IRQHandler                         0x080001ab   Thumb Code     0  startup_stm32f103xb.o(.text)
    EXTI2_IRQHandler                         0x080001ab   Thumb Code     0  startup_stm32f103xb.o(.text)
    EXTI3_IRQHandler                         0x080001ab   Thumb Code     0  startup_stm32f103xb.o(.text)
    EXTI4_IRQHandler                         0x080001ab   Thumb Code     0  startup_stm32f103xb.o(.text)
    EXTI9_5_IRQHandler                       0x080001ab   Thumb Code     0  startup_stm32f103xb.o(.text)
    FLASH_IRQHandler                         0x080001ab   Thumb Code     0  startup_stm32f103xb.o(.text)
    I2C1_ER_IRQHandler                       0x080001ab   Thumb Code     0  startup_stm32f103xb.o(.text)
    I2C1_EV_IRQHandler                       0x080001ab   Thumb Code     0  startup_stm32f103xb.o(.text)
    I2C2_ER_IRQHandler                       0x080001ab   Thumb Code     0  startup_stm32f103xb.o(.text)
    I2C2_EV_IRQHandler                       0x080001ab   Thumb Code     0  startup_stm32f103xb.o(.text)
    PVD_IRQHandler                           0x080001ab   Thumb Code     0  startup_stm32f103xb.o(.text)
    RCC_IRQHandler                           0x080001ab   Thumb Code     0  startup_stm32f103xb.o(.text)
    RTC_Alarm_IRQHandler                     0x080001ab   Thumb Code     0  startup_stm32f103xb.o(.text)
    RTC_IRQHandler                           0x080001ab   Thumb Code     0  startup_stm32f103xb.o(.text)
    SPI1_IRQHandler                          0x080001ab   Thumb Code     0  startup_stm32f103xb.o(.text)
    SPI2_IRQHandler                          0x080001ab   Thumb Code     0  startup_stm32f103xb.o(.text)
    TAMPER_IRQHandler                        0x080001ab   Thumb Code     0  startup_stm32f103xb.o(.text)
    TIM1_BRK_IRQHandler                      0x080001ab   Thumb Code     0  startup_stm32f103xb.o(.text)
    TIM1_CC_IRQHandler                       0x080001ab   Thumb Code     0  startup_stm32f103xb.o(.text)
    TIM1_TRG_COM_IRQHandler                  0x080001ab   Thumb Code     0  startup_stm32f103xb.o(.text)
    TIM1_UP_IRQHandler                       0x080001ab   Thumb Code     0  startup_stm32f103xb.o(.text)
    TIM2_IRQHandler                          0x080001ab   Thumb Code     0  startup_stm32f103xb.o(.text)
    TIM3_IRQHandler                          0x080001ab   Thumb Code     0  startup_stm32f103xb.o(.text)
    USART1_IRQHandler                        0x080001ab   Thumb Code     0  startup_stm32f103xb.o(.text)
    USART2_IRQHandler                        0x080001ab   Thumb Code     0  startup_stm32f103xb.o(.text)
    USART3_IRQHandler                        0x080001ab   Thumb Code     0  startup_stm32f103xb.o(.text)
    USBWakeUp_IRQHandler                     0x080001ab   Thumb Code     0  startup_stm32f103xb.o(.text)
    USB_HP_CAN1_TX_IRQHandler                0x080001ab   Thumb Code     0  startup_stm32f103xb.o(.text)
    USB_LP_CAN1_RX0_IRQHandler               0x080001ab   Thumb Code     0  startup_stm32f103xb.o(.text)
    WWDG_IRQHandler                          0x080001ab   Thumb Code     0  startup_stm32f103xb.o(.text)
    __user_initial_stackheap                 0x080001ad   Thumb Code     0  startup_stm32f103xb.o(.text)
    __2sprintf                               0x080001d1   Thumb Code    38  __2sprintf.o(.text)
    _printf_int_dec                          0x080001fd   Thumb Code   104  _printf_dec.o(.text)
    __printf                                 0x08000275   Thumb Code   388  __printf_flags_ss_wp.o(.text)
    __aeabi_memcpy                           0x080003fd   Thumb Code     0  rt_memcpy_v6.o(.text)
    __rt_memcpy                              0x080003fd   Thumb Code   138  rt_memcpy_v6.o(.text)
    _memcpy_lastbytes                        0x08000463   Thumb Code     0  rt_memcpy_v6.o(.text)
    __aeabi_memset4                          0x08000487   Thumb Code    16  aeabi_memset4.o(.text)
    __aeabi_memset8                          0x08000487   Thumb Code     0  aeabi_memset4.o(.text)
    __aeabi_memclr4                          0x08000497   Thumb Code     0  rt_memclr_w.o(.text)
    __aeabi_memclr8                          0x08000497   Thumb Code     0  rt_memclr_w.o(.text)
    __rt_memclr_w                            0x08000497   Thumb Code    78  rt_memclr_w.o(.text)
    _memset_w                                0x0800049b   Thumb Code     0  rt_memclr_w.o(.text)
    __use_two_region_memory                  0x080004e5   Thumb Code     2  heapauxi.o(.text)
    __rt_heap_escrow$2region                 0x080004e7   Thumb Code     2  heapauxi.o(.text)
    __rt_heap_expand$2region                 0x080004e9   Thumb Code     2  heapauxi.o(.text)
    _printf_int_common                       0x080004eb   Thumb Code   178  _printf_intcommon.o(.text)
    _printf_char_common                      0x080005a7   Thumb Code    32  _printf_char_common.o(.text)
    _sputc                                   0x080005cd   Thumb Code    10  _sputc.o(.text)
    __aeabi_memcpy4                          0x080005d7   Thumb Code     0  rt_memcpy_w.o(.text)
    __aeabi_memcpy8                          0x080005d7   Thumb Code     0  rt_memcpy_w.o(.text)
    __rt_memcpy_w                            0x080005d7   Thumb Code   100  rt_memcpy_w.o(.text)
    _memcpy_lastbytes_aligned                0x0800061f   Thumb Code     0  rt_memcpy_w.o(.text)
    __user_setup_stackheap                   0x0800063b   Thumb Code    74  sys_stackheap_outer.o(.text)
    exit                                     0x08000685   Thumb Code    18  exit.o(.text)
    __user_libspace                          0x08000699   Thumb Code     8  libspace.o(.text)
    __user_perproc_libspace                  0x08000699   Thumb Code     0  libspace.o(.text)
    __user_perthread_libspace                0x08000699   Thumb Code     0  libspace.o(.text)
    _sys_exit                                0x080006a1   Thumb Code     8  sys_exit.o(.text)
    __I$use$semihosting                      0x080006ad   Thumb Code     0  use_no_semi.o(.text)
    __use_no_semihosting_swi                 0x080006ad   Thumb Code     2  use_no_semi.o(.text)
    __semihosting_library_function           0x080006af   Thumb Code     0  indicate_semi.o(.text)
    ADC_ConversionStop_Disable               0x080006b1   Thumb Code    86  stm32f1xx_hal_adc.o(.text.ADC_ConversionStop_Disable)
    ADC_Enable                               0x08000709   Thumb Code   146  stm32f1xx_hal_adc.o(.text.ADC_Enable)
    BSP_Delay_Init                           0x0800079d   Thumb Code    16  bsp_delay.o(.text.BSP_Delay_Init)
    BSP_Delay_ms                             0x080007ad   Thumb Code    24  bsp_delay.o(.text.BSP_Delay_ms)
    BSP_Delay_us                             0x080007c5   Thumb Code    24  bsp_delay.o(.text.BSP_Delay_us)
    BlinkLED_Task                            0x080007dd   Thumb Code    28  main.o(.text.BlinkLED_Task)
    BusFault_Handler                         0x080007f9   Thumb Code     2  stm32f1xx_it.o(.text.BusFault_Handler)
    CS_Init                                  0x080007fd   Thumb Code    20  tft.o(.text.CS_Init)
    DHT11_Init                               0x08000811   Thumb Code    22  dht11.o(.text.DHT11_Init)
    DHT11_Read                               0x08000829   Thumb Code    64  dht11.o(.text.DHT11_Read)
    Debug_Init                               0x080009ed   Thumb Code    22  debug_uart.o(.text.Debug_Init)
    Display_Task                             0x08000a05   Thumb Code   196  main.o(.text.Display_Task)
    Error_Handler                            0x08000ac9   Thumb Code    10  main.o(.text.Error_Handler)
    HAL_ADC_ConfigChannel                    0x08000ad5   Thumb Code   266  stm32f1xx_hal_adc.o(.text.HAL_ADC_ConfigChannel)
    HAL_ADC_GetValue                         0x08000be1   Thumb Code     6  stm32f1xx_hal_adc.o(.text.HAL_ADC_GetValue)
    HAL_ADC_Init                             0x08000be9   Thumb Code   284  stm32f1xx_hal_adc.o(.text.HAL_ADC_Init)
    HAL_ADC_MspInit                          0x08000d05   Thumb Code   102  stm32f1xx_hal_msp.o(.text.HAL_ADC_MspInit)
    HAL_ADC_PollForConversion                0x08000d6d   Thumb Code   396  stm32f1xx_hal_adc.o(.text.HAL_ADC_PollForConversion)
    HAL_ADC_Start                            0x08000ef9   Thumb Code   222  stm32f1xx_hal_adc.o(.text.HAL_ADC_Start)
    HAL_ADC_Stop                             0x08000fd9   Thumb Code    50  stm32f1xx_hal_adc.o(.text.HAL_ADC_Stop)
    HAL_GPIO_Init                            0x0800100d   Thumb Code   540  stm32f1xx_hal_gpio.o(.text.HAL_GPIO_Init)
    HAL_GPIO_ReadPin                         0x08001229   Thumb Code    10  stm32f1xx_hal_gpio.o(.text.HAL_GPIO_ReadPin)
    HAL_GPIO_TogglePin                       0x08001235   Thumb Code    16  stm32f1xx_hal_gpio.o(.text.HAL_GPIO_TogglePin)
    HAL_GPIO_WritePin                        0x08001245   Thumb Code    10  stm32f1xx_hal_gpio.o(.text.HAL_GPIO_WritePin)
    HAL_GetTick                              0x08001251   Thumb Code    12  stm32f1xx_hal.o(.text.HAL_GetTick)
    HAL_I2C_Init                             0x0800125d   Thumb Code   398  stm32f1xx_hal_i2c.o(.text.HAL_I2C_Init)
    HAL_I2C_Master_Transmit                  0x080013ed   Thumb Code   312  stm32f1xx_hal_i2c.o(.text.HAL_I2C_Master_Transmit)
    HAL_I2C_MspInit                          0x08001525   Thumb Code   104  stm32f1xx_hal_msp.o(.text.HAL_I2C_MspInit)
    HAL_IncTick                              0x0800158d   Thumb Code    26  stm32f1xx_hal.o(.text.HAL_IncTick)
    HAL_Init                                 0x080015a9   Thumb Code    38  stm32f1xx_hal.o(.text.HAL_Init)
    HAL_InitTick                             0x080015d1   Thumb Code   172  stm32f1xx_hal_timebase_tim.o(.text.HAL_InitTick)
    HAL_MspInit                              0x0800167d   Thumb Code    66  stm32f1xx_hal_msp.o(.text.HAL_MspInit)
    HAL_NVIC_EnableIRQ                       0x080016c1   Thumb Code     8  stm32f1xx_hal_cortex.o(.text.HAL_NVIC_EnableIRQ)
    HAL_NVIC_SetPriority                     0x080016c9   Thumb Code    30  stm32f1xx_hal_cortex.o(.text.HAL_NVIC_SetPriority)
    HAL_NVIC_SetPriorityGrouping             0x080016e9   Thumb Code     8  stm32f1xx_hal_cortex.o(.text.HAL_NVIC_SetPriorityGrouping)
    HAL_RCCEx_GetPeriphCLKFreq               0x080016f1   Thumb Code   244  stm32f1xx_hal_rcc_ex.o(.text.HAL_RCCEx_GetPeriphCLKFreq)
    HAL_RCCEx_PeriphCLKConfig                0x080017e5   Thumb Code   270  stm32f1xx_hal_rcc_ex.o(.text.HAL_RCCEx_PeriphCLKConfig)
    HAL_RCC_ClockConfig                      0x080018f5   Thumb Code   366  stm32f1xx_hal_rcc.o(.text.HAL_RCC_ClockConfig)
    HAL_RCC_GetClockConfig                   0x08001a65   Thumb Code    66  stm32f1xx_hal_rcc.o(.text.HAL_RCC_GetClockConfig)
    HAL_RCC_GetHCLKFreq                      0x08001aa9   Thumb Code    12  stm32f1xx_hal_rcc.o(.text.HAL_RCC_GetHCLKFreq)
    HAL_RCC_GetPCLK1Freq                     0x08001ab5   Thumb Code    34  stm32f1xx_hal_rcc.o(.text.HAL_RCC_GetPCLK1Freq)
    HAL_RCC_GetPCLK2Freq                     0x08001ad9   Thumb Code    34  stm32f1xx_hal_rcc.o(.text.HAL_RCC_GetPCLK2Freq)
    HAL_RCC_GetSysClockFreq                  0x08001afd   Thumb Code    96  stm32f1xx_hal_rcc.o(.text.HAL_RCC_GetSysClockFreq)
    HAL_RCC_OscConfig                        0x08001b5d   Thumb Code   788  stm32f1xx_hal_rcc.o(.text.HAL_RCC_OscConfig)
    HAL_SPI_Init                             0x08001e71   Thumb Code   172  stm32f1xx_hal_spi.o(.text.HAL_SPI_Init)
    HAL_SPI_MspInit                          0x08001f1d   Thumb Code   106  stm32f1xx_hal_msp.o(.text.HAL_SPI_MspInit)
    HAL_SPI_Transmit                         0x08001f89   Thumb Code   394  stm32f1xx_hal_spi.o(.text.HAL_SPI_Transmit)
    HAL_TIMEx_BreakCallback                  0x08002115   Thumb Code     2  stm32f1xx_hal_tim_ex.o(.text.HAL_TIMEx_BreakCallback)
    HAL_TIMEx_CommutCallback                 0x08002119   Thumb Code     2  stm32f1xx_hal_tim_ex.o(.text.HAL_TIMEx_CommutCallback)
    HAL_TIMEx_ConfigBreakDeadTime            0x0800211d   Thumb Code    76  stm32f1xx_hal_tim_ex.o(.text.HAL_TIMEx_ConfigBreakDeadTime)
    HAL_TIMEx_MasterConfigSynchronization    0x08002169   Thumb Code   118  stm32f1xx_hal_tim_ex.o(.text.HAL_TIMEx_MasterConfigSynchronization)
    HAL_TIM_Base_Init                        0x080021e1   Thumb Code    90  stm32f1xx_hal_tim.o(.text.HAL_TIM_Base_Init)
    HAL_TIM_Base_MspInit                     0x0800223d   Thumb Code    82  stm32f1xx_hal_msp.o(.text.HAL_TIM_Base_MspInit)
    HAL_TIM_Base_Start                       0x08002291   Thumb Code    94  stm32f1xx_hal_tim.o(.text.HAL_TIM_Base_Start)
    HAL_TIM_Base_Start_IT                    0x080022f1   Thumb Code   102  stm32f1xx_hal_tim.o(.text.HAL_TIM_Base_Start_IT)
    HAL_TIM_ConfigClockSource                0x08002359   Thumb Code   222  stm32f1xx_hal_tim.o(.text.HAL_TIM_ConfigClockSource)
    HAL_TIM_IC_CaptureCallback               0x08002439   Thumb Code     2  stm32f1xx_hal_tim.o(.text.HAL_TIM_IC_CaptureCallback)
    HAL_TIM_IRQHandler                       0x0800243d   Thumb Code   308  stm32f1xx_hal_tim.o(.text.HAL_TIM_IRQHandler)
    HAL_TIM_MspPostInit                      0x08002571   Thumb Code    88  stm32f1xx_hal_msp.o(.text.HAL_TIM_MspPostInit)
    HAL_TIM_OC_DelayElapsedCallback          0x080025c9   Thumb Code     2  stm32f1xx_hal_tim.o(.text.HAL_TIM_OC_DelayElapsedCallback)
    HAL_TIM_PWM_ConfigChannel                0x080025cd   Thumb Code   152  stm32f1xx_hal_tim.o(.text.HAL_TIM_PWM_ConfigChannel)
    HAL_TIM_PWM_Init                         0x08002665   Thumb Code    90  stm32f1xx_hal_tim.o(.text.HAL_TIM_PWM_Init)
    HAL_TIM_PWM_MspInit                      0x080026c1   Thumb Code     2  stm32f1xx_hal_tim.o(.text.HAL_TIM_PWM_MspInit)
    HAL_TIM_PWM_PulseFinishedCallback        0x080026c5   Thumb Code     2  stm32f1xx_hal_tim.o(.text.HAL_TIM_PWM_PulseFinishedCallback)
    HAL_TIM_PWM_Start                        0x080026c9   Thumb Code   184  stm32f1xx_hal_tim.o(.text.HAL_TIM_PWM_Start)
    HAL_TIM_PeriodElapsedCallback            0x08002781   Thumb Code    22  main.o(.text.HAL_TIM_PeriodElapsedCallback)
    HAL_TIM_TriggerCallback                  0x08002799   Thumb Code     2  stm32f1xx_hal_tim.o(.text.HAL_TIM_TriggerCallback)
    HAL_UART_Init                            0x0800279d   Thumb Code    96  stm32f1xx_hal_uart.o(.text.HAL_UART_Init)
    HAL_UART_MspInit                         0x080027fd   Thumb Code   126  stm32f1xx_hal_msp.o(.text.HAL_UART_MspInit)
    HCSR05_GetDis                            0x0800287d   Thumb Code   140  hcsr05.o(.text.HCSR05_GetDis)
    HCSR05_INIT                              0x08002909   Thumb Code    68  hcsr05.o(.text.HCSR05_INIT)
    HCSR05_Trigger                           0x0800294d   Thumb Code    46  hcsr05.o(.text.HCSR05_Trigger)
    HardFault_Handler                        0x0800297d   Thumb Code     2  stm32f1xx_it.o(.text.HardFault_Handler)
    LCD_Init                                 0x08002c81   Thumb Code    82  lcd.o(.text.LCD_Init)
    LCD_MoveCursor                           0x08002cd5   Thumb Code    24  lcd.o(.text.LCD_MoveCursor)
    LCD_Print                                0x08002ced   Thumb Code    28  lcd.o(.text.LCD_Print)
    LightSensor_Init                         0x08002da1   Thumb Code    12  light_sensor.o(.text.LightSensor_Init)
    LightSensor_ReadRaw                      0x08002dad   Thumb Code    44  light_sensor.o(.text.LightSensor_ReadRaw)
    MemManage_Handler                        0x08003139   Thumb Code     2  stm32f1xx_it.o(.text.MemManage_Handler)
    NMI_Handler                              0x0800313d   Thumb Code     2  stm32f1xx_it.o(.text.NMI_Handler)
    PendSV_Handler                           0x08003171   Thumb Code    68  port.o(.text.PendSV_Handler)
    Process_Task                             0x080031b5   Thumb Code   138  main.o(.text.Process_Task)
    SVC_Handler                              0x08003391   Thumb Code    36  port.o(.text.SVC_Handler)
    Sensor_Task                              0x080033b5   Thumb Code   136  main.o(.text.Sensor_Task)
    Servo_Init                               0x0800343d   Thumb Code    28  servo.o(.text.Servo_Init)
    Servo_SetAngle                           0x08003459   Thumb Code   114  servo.o(.text.Servo_SetAngle)
    SysTick_Handler                          0x080034cd   Thumb Code    46  port.o(.text.SysTick_Handler)
    SystemClock_Config                       0x080034fd   Thumb Code   122  main.o(.text.SystemClock_Config)
    SystemInit                               0x08003579   Thumb Code     2  system_stm32f1xx.o(.text.SystemInit)
    TFT_DrawBitmap                           0x0800357d   Thumb Code    76  tft.o(.text.TFT_DrawBitmap)
    TFT_FillScreen                           0x080035c9   Thumb Code    50  tft.o(.text.TFT_FillScreen)
    TFT_Init                                 0x080035fd   Thumb Code   112  tft.o(.text.TFT_Init)
    TIM4_IRQHandler                          0x0800378d   Thumb Code    16  stm32f1xx_it.o(.text.TIM4_IRQHandler)
    TIM_Base_SetConfig                       0x0800379d   Thumb Code   154  stm32f1xx_hal_tim.o(.text.TIM_Base_SetConfig)
    TIM_CCxChannelCmd                        0x08003839   Thumb Code    36  stm32f1xx_hal_tim.o(.text.TIM_CCxChannelCmd)
    TIM_ETR_SetConfig                        0x0800385d   Thumb Code    22  stm32f1xx_hal_tim.o(.text.TIM_ETR_SetConfig)
    TIM_OC2_SetConfig                        0x080038e5   Thumb Code   104  stm32f1xx_hal_tim.o(.text.TIM_OC2_SetConfig)
    UsageFault_Handler                       0x08003ad9   Thumb Code     2  stm32f1xx_it.o(.text.UsageFault_Handler)
    main                                     0x08003b51   Thumb Code   256  main.o(.text.main)
    pvPortMalloc                             0x08004205   Thumb Code   238  heap_4.o(.text.pvPortMalloc)
    pvTaskIncrementMutexHeldCount            0x080042f5   Thumb Code    24  tasks.o(.text.pvTaskIncrementMutexHeldCount)
    pxPortInitialiseStack                    0x0800430d   Thumb Code    32  port.o(.text.pxPortInitialiseStack)
    uxListRemove                             0x0800432d   Thumb Code    38  list.o(.text.uxListRemove)
    vListInitialise                          0x08004355   Thumb Code    22  list.o(.text.vListInitialise)
    vListInitialiseItem                      0x0800436d   Thumb Code     6  list.o(.text.vListInitialiseItem)
    vListInsert                              0x08004375   Thumb Code    58  list.o(.text.vListInsert)
    vListInsertEnd                           0x080043b1   Thumb Code    28  list.o(.text.vListInsertEnd)
    vPortEnterCritical                       0x080043cd   Thumb Code    32  port.o(.text.vPortEnterCritical)
    vPortExitCritical                        0x080043ed   Thumb Code    26  port.o(.text.vPortExitCritical)
    vPortFree                                0x08004409   Thumb Code    86  heap_4.o(.text.vPortFree)
    vPortSetupTimerInterrupt                 0x08004461   Thumb Code    24  port.o(.text.vPortSetupTimerInterrupt)
    vTaskDelay                               0x08004479   Thumb Code    52  tasks.o(.text.vTaskDelay)
    vTaskMissedYield                         0x080044ad   Thumb Code    14  tasks.o(.text.vTaskMissedYield)
    vTaskPlaceOnEventList                    0x080044bd   Thumb Code    30  tasks.o(.text.vTaskPlaceOnEventList)
    vTaskPriorityInherit                     0x080044dd   Thumb Code   154  tasks.o(.text.vTaskPriorityInherit)
    vTaskSetTimeOutState                     0x08004579   Thumb Code    26  tasks.o(.text.vTaskSetTimeOutState)
    vTaskStartScheduler                      0x08004595   Thumb Code   108  tasks.o(.text.vTaskStartScheduler)
    vTaskSuspendAll                          0x08004601   Thumb Code    16  tasks.o(.text.vTaskSuspendAll)
    vTaskSwitchContext                       0x08004611   Thumb Code   108  tasks.o(.text.vTaskSwitchContext)
    xPortStartScheduler                      0x0800467d   Thumb Code    48  port.o(.text.xPortStartScheduler)
    xQueueCreateMutex                        0x080046ad   Thumb Code    22  queue.o(.text.xQueueCreateMutex)
    xQueueGenericCreate                      0x080046c5   Thumb Code    50  queue.o(.text.xQueueGenericCreate)
    xQueueGenericReceive                     0x080046f9   Thumb Code   384  queue.o(.text.xQueueGenericReceive)
    xQueueGenericReset                       0x08004879   Thumb Code   106  queue.o(.text.xQueueGenericReset)
    xQueueGenericSend                        0x080048e5   Thumb Code   310  queue.o(.text.xQueueGenericSend)
    xTaskCheckForTimeOut                     0x08004a1d   Thumb Code    88  tasks.o(.text.xTaskCheckForTimeOut)
    xTaskCreate                              0x08004a75   Thumb Code    96  tasks.o(.text.xTaskCreate)
    xTaskIncrementTick                       0x08004ad5   Thumb Code   332  tasks.o(.text.xTaskIncrementTick)
    xTaskPriorityDisinherit                  0x08004c21   Thumb Code   126  tasks.o(.text.xTaskPriorityDisinherit)
    xTaskRemoveFromEventList                 0x08004ca1   Thumb Code   124  tasks.o(.text.xTaskRemoveFromEventList)
    xTaskResumeAll                           0x08004d1d   Thumb Code   256  tasks.o(.text.xTaskResumeAll)
    _is_digit                                0x08004e1d   Thumb Code    14  __printf_wp.o(i._is_digit)
    AHBPrescTable                            0x08004e3b   Data          16  system_stm32f1xx.o(.rodata.AHBPrescTable)
    APBPrescTable                            0x08004e4b   Data           8  system_stm32f1xx.o(.rodata.APBPrescTable)
    door_open                                0x08004e54   Data       25280  dorr_open.o(.rodata.door_open)
    Region$$Table$$Base                      0x0800b190   Number         0  anon$$obj.o(Region$$Table)
    Region$$Table$$Limit                     0x0800b1b0   Number         0  anon$$obj.o(Region$$Table)
    SystemCoreClock                          0x20000000   Data           4  system_stm32f1xx.o(.data.SystemCoreClock)
    uwTickFreq                               0x20000004   Data           1  stm32f1xx_hal.o(.data.uwTickFreq)
    uwTickPrio                               0x20000008   Data           4  stm32f1xx_hal.o(.data.uwTickPrio)
    __libspace_start                         0x20000010   Data          96  libspace.o(.bss)
    __temporary_stack_top$libspace           0x20000070   Data           0  libspace.o(.bss)
    dhtData                                  0x20000090   Data           2  main.o(.bss.dhtData)
    displayQueue                             0x20000094   Data           4  main.o(.bss.displayQueue)
    hadc1                                    0x20000098   Data          48  main.o(.bss.hadc1)
    hi2c1                                    0x200000c8   Data          84  main.o(.bss.hi2c1)
    hspi1                                    0x2000011c   Data          88  main.o(.bss.hspi1)
    htim1                                    0x20000174   Data          72  main.o(.bss.htim1)
    htim2                                    0x200001bc   Data          72  main.o(.bss.htim2)
    htim4                                    0x20000204   Data          72  stm32f1xx_hal_timebase_tim.o(.bss.htim4)
    huart1                                   0x2000024c   Data          72  main.o(.bss.huart1)
    pxCurrentTCB                             0x20000298   Data           4  tasks.o(.bss.pxCurrentTCB)
    sensorQueue                              0x2000030c   Data           4  main.o(.bss.sensorQueue)
    uartMutex                                0x20000318   Data           4  main.o(.bss.uartMutex)
    uwTick                                   0x20003b1c   Data           4  stm32f1xx_hal.o(.bss.uwTick)



==============================================================================

Memory Map of the image

  Image Entry point : 0x080000ed

  Load Region LR_IROM1 (Base: 0x08000000, Size: 0x0000b1c0, Max: 0x00010000, ABSOLUTE)

    Execution Region ER_IROM1 (Exec base: 0x08000000, Load base: 0x08000000, Size: 0x0000b1b0, Max: 0x00010000, ABSOLUTE)

    Exec Addr    Load Addr    Size         Type   Attr      Idx    E Section Name        Object

    0x08000000   0x08000000   0x000000ec   Data   RO            3    RESET               startup_stm32f103xb.o
    0x080000ec   0x080000ec   0x00000008   Code   RO         1905  * !!!main             c_w.l(__main.o)
    0x080000f4   0x080000f4   0x00000034   Code   RO         2218    !!!scatter          c_w.l(__scatter.o)
    0x08000128   0x08000128   0x0000001a   Code   RO         2220    !!handler_copy      c_w.l(__scatter_copy.o)
    0x08000142   0x08000142   0x00000002   PAD
    0x08000144   0x08000144   0x0000001c   Code   RO         2222    !!handler_zi        c_w.l(__scatter_zi.o)
    0x08000160   0x08000160   0x00000000   Code   RO         1896    .ARM.Collect$$_printf_percent$$00000000  c_w.l(_printf_percent.o)
    0x08000160   0x08000160   0x00000006   Code   RO         1895    .ARM.Collect$$_printf_percent$$00000009  c_w.l(_printf_d.o)
    0x08000166   0x08000166   0x00000004   Code   RO         1968    .ARM.Collect$$_printf_percent$$00000017  c_w.l(_printf_percent_end.o)
    0x0800016a   0x0800016a   0x00000002   Code   RO         2068    .ARM.Collect$$libinit$$00000000  c_w.l(libinit.o)
    0x0800016c   0x0800016c   0x00000000   Code   RO         2087    .ARM.Collect$$libinit$$00000002  c_w.l(libinit2.o)
    0x0800016c   0x0800016c   0x00000000   Code   RO         2089    .ARM.Collect$$libinit$$00000004  c_w.l(libinit2.o)
    0x0800016c   0x0800016c   0x00000000   Code   RO         2092    .ARM.Collect$$libinit$$0000000A  c_w.l(libinit2.o)
    0x0800016c   0x0800016c   0x00000000   Code   RO         2094    .ARM.Collect$$libinit$$0000000C  c_w.l(libinit2.o)
    0x0800016c   0x0800016c   0x00000000   Code   RO         2096    .ARM.Collect$$libinit$$0000000E  c_w.l(libinit2.o)
    0x0800016c   0x0800016c   0x00000000   Code   RO         2099    .ARM.Collect$$libinit$$00000011  c_w.l(libinit2.o)
    0x0800016c   0x0800016c   0x00000000   Code   RO         2101    .ARM.Collect$$libinit$$00000013  c_w.l(libinit2.o)
    0x0800016c   0x0800016c   0x00000000   Code   RO         2103    .ARM.Collect$$libinit$$00000015  c_w.l(libinit2.o)
    0x0800016c   0x0800016c   0x00000000   Code   RO         2105    .ARM.Collect$$libinit$$00000017  c_w.l(libinit2.o)
    0x0800016c   0x0800016c   0x00000000   Code   RO         2107    .ARM.Collect$$libinit$$00000019  c_w.l(libinit2.o)
    0x0800016c   0x0800016c   0x00000000   Code   RO         2109    .ARM.Collect$$libinit$$0000001B  c_w.l(libinit2.o)
    0x0800016c   0x0800016c   0x00000000   Code   RO         2111    .ARM.Collect$$libinit$$0000001D  c_w.l(libinit2.o)
    0x0800016c   0x0800016c   0x00000000   Code   RO         2113    .ARM.Collect$$libinit$$0000001F  c_w.l(libinit2.o)
    0x0800016c   0x0800016c   0x00000000   Code   RO         2115    .ARM.Collect$$libinit$$00000021  c_w.l(libinit2.o)
    0x0800016c   0x0800016c   0x00000000   Code   RO         2117    .ARM.Collect$$libinit$$00000023  c_w.l(libinit2.o)
    0x0800016c   0x0800016c   0x00000000   Code   RO         2119    .ARM.Collect$$libinit$$00000025  c_w.l(libinit2.o)
    0x0800016c   0x0800016c   0x00000000   Code   RO         2123    .ARM.Collect$$libinit$$0000002C  c_w.l(libinit2.o)
    0x0800016c   0x0800016c   0x00000000   Code   RO         2125    .ARM.Collect$$libinit$$0000002E  c_w.l(libinit2.o)
    0x0800016c   0x0800016c   0x00000000   Code   RO         2127    .ARM.Collect$$libinit$$00000030  c_w.l(libinit2.o)
    0x0800016c   0x0800016c   0x00000000   Code   RO         2129    .ARM.Collect$$libinit$$00000032  c_w.l(libinit2.o)
    0x0800016c   0x0800016c   0x00000002   Code   RO         2130    .ARM.Collect$$libinit$$00000033  c_w.l(libinit2.o)
    0x0800016e   0x0800016e   0x00000002   Code   RO         2154    .ARM.Collect$$libshutdown$$00000000  c_w.l(libshutdown.o)
    0x08000170   0x08000170   0x00000000   Code   RO         2169    .ARM.Collect$$libshutdown$$00000002  c_w.l(libshutdown2.o)
    0x08000170   0x08000170   0x00000000   Code   RO         2171    .ARM.Collect$$libshutdown$$00000004  c_w.l(libshutdown2.o)
    0x08000170   0x08000170   0x00000000   Code   RO         2174    .ARM.Collect$$libshutdown$$00000007  c_w.l(libshutdown2.o)
    0x08000170   0x08000170   0x00000000   Code   RO         2177    .ARM.Collect$$libshutdown$$0000000A  c_w.l(libshutdown2.o)
    0x08000170   0x08000170   0x00000000   Code   RO         2179    .ARM.Collect$$libshutdown$$0000000C  c_w.l(libshutdown2.o)
    0x08000170   0x08000170   0x00000000   Code   RO         2182    .ARM.Collect$$libshutdown$$0000000F  c_w.l(libshutdown2.o)
    0x08000170   0x08000170   0x00000002   Code   RO         2183    .ARM.Collect$$libshutdown$$00000010  c_w.l(libshutdown2.o)
    0x08000172   0x08000172   0x00000000   Code   RO         1907    .ARM.Collect$$rtentry$$00000000  c_w.l(__rtentry.o)
    0x08000172   0x08000172   0x00000000   Code   RO         1989    .ARM.Collect$$rtentry$$00000002  c_w.l(__rtentry2.o)
    0x08000172   0x08000172   0x00000006   Code   RO         2001    .ARM.Collect$$rtentry$$00000004  c_w.l(__rtentry4.o)
    0x08000178   0x08000178   0x00000000   Code   RO         1991    .ARM.Collect$$rtentry$$00000009  c_w.l(__rtentry2.o)
    0x08000178   0x08000178   0x00000004   Code   RO         1992    .ARM.Collect$$rtentry$$0000000A  c_w.l(__rtentry2.o)
    0x0800017c   0x0800017c   0x00000000   Code   RO         1994    .ARM.Collect$$rtentry$$0000000C  c_w.l(__rtentry2.o)
    0x0800017c   0x0800017c   0x00000008   Code   RO         1995    .ARM.Collect$$rtentry$$0000000D  c_w.l(__rtentry2.o)
    0x08000184   0x08000184   0x00000002   Code   RO         2077    .ARM.Collect$$rtexit$$00000000  c_w.l(rtexit.o)
    0x08000186   0x08000186   0x00000000   Code   RO         2132    .ARM.Collect$$rtexit$$00000002  c_w.l(rtexit2.o)
    0x08000186   0x08000186   0x00000004   Code   RO         2133    .ARM.Collect$$rtexit$$00000003  c_w.l(rtexit2.o)
    0x0800018a   0x0800018a   0x00000006   Code   RO         2134    .ARM.Collect$$rtexit$$00000004  c_w.l(rtexit2.o)
    0x08000190   0x08000190   0x00000040   Code   RO            4    .text               startup_stm32f103xb.o
    0x080001d0   0x080001d0   0x0000002c   Code   RO         1867    .text               c_w.l(__2sprintf.o)
    0x080001fc   0x080001fc   0x00000078   Code   RO         1873    .text               c_w.l(_printf_dec.o)
    0x08000274   0x08000274   0x00000188   Code   RO         1892    .text               c_w.l(__printf_flags_ss_wp.o)
    0x080003fc   0x080003fc   0x0000008a   Code   RO         1897    .text               c_w.l(rt_memcpy_v6.o)
    0x08000486   0x08000486   0x00000010   Code   RO         1899    .text               c_w.l(aeabi_memset4.o)
    0x08000496   0x08000496   0x0000004e   Code   RO         1901    .text               c_w.l(rt_memclr_w.o)
    0x080004e4   0x080004e4   0x00000006   Code   RO         1903    .text               c_w.l(heapauxi.o)
    0x080004ea   0x080004ea   0x000000b2   Code   RO         1914    .text               c_w.l(_printf_intcommon.o)
    0x0800059c   0x0800059c   0x00000030   Code   RO         1918    .text               c_w.l(_printf_char_common.o)
    0x080005cc   0x080005cc   0x0000000a   Code   RO         1920    .text               c_w.l(_sputc.o)
    0x080005d6   0x080005d6   0x00000064   Code   RO         1978    .text               c_w.l(rt_memcpy_w.o)
    0x0800063a   0x0800063a   0x0000004a   Code   RO         2020    .text               c_w.l(sys_stackheap_outer.o)
    0x08000684   0x08000684   0x00000012   Code   RO         2061    .text               c_w.l(exit.o)
    0x08000696   0x08000696   0x00000002   PAD
    0x08000698   0x08000698   0x00000008   Code   RO         2074    .text               c_w.l(libspace.o)
    0x080006a0   0x080006a0   0x0000000c   Code   RO         2144    .text               c_w.l(sys_exit.o)
    0x080006ac   0x080006ac   0x00000002   Code   RO         2159    .text               c_w.l(use_no_semi.o)
    0x080006ae   0x080006ae   0x00000000   Code   RO         2161    .text               c_w.l(indicate_semi.o)
    0x080006ae   0x080006ae   0x00000002   PAD
    0x080006b0   0x080006b0   0x00000056   Code   RO          483    .text.ADC_ConversionStop_Disable  stm32f1xx_hal_adc.o
    0x08000706   0x08000706   0x00000002   PAD
    0x08000708   0x08000708   0x00000092   Code   RO          491    .text.ADC_Enable    stm32f1xx_hal_adc.o
    0x0800079a   0x0800079a   0x00000002   PAD
    0x0800079c   0x0800079c   0x00000010   Code   RO         1418    .text.BSP_Delay_Init  bsp_delay.o
    0x080007ac   0x080007ac   0x00000018   Code   RO         1422    .text.BSP_Delay_ms  bsp_delay.o
    0x080007c4   0x080007c4   0x00000018   Code   RO         1420    .text.BSP_Delay_us  bsp_delay.o
    0x080007dc   0x080007dc   0x0000001c   Code   RO           17    .text.BlinkLED_Task  main.o
    0x080007f8   0x080007f8   0x00000002   Code   RO           67    .text.BusFault_Handler  stm32f1xx_it.o
    0x080007fa   0x080007fa   0x00000002   PAD
    0x080007fc   0x080007fc   0x00000014   Code   RO         1499    .text.CS_Init       tft.o
    0x08000810   0x08000810   0x00000016   Code   RO         1396    .text.DHT11_Init    dht11.o
    0x08000826   0x08000826   0x00000002   PAD
    0x08000828   0x08000828   0x00000040   Code   RO         1398    .text.DHT11_Read    dht11.o
    0x08000868   0x08000868   0x00000088   Code   RO         1402    .text.DHT11_ReadByte  dht11.o
    0x080008f0   0x080008f0   0x0000009e   Code   RO         1400    .text.DHT11_Start   dht11.o
    0x0800098e   0x0800098e   0x00000002   PAD
    0x08000990   0x08000990   0x0000002c   Code   RO         1406    .text.DHT_SetInput  dht11.o
    0x080009bc   0x080009bc   0x00000030   Code   RO         1404    .text.DHT_SetOutput  dht11.o
    0x080009ec   0x080009ec   0x00000016   Code   RO         1432    .text.Debug_Init    debug_uart.o
    0x08000a02   0x08000a02   0x00000002   PAD
    0x08000a04   0x08000a04   0x000000c4   Code   RO           15    .text.Display_Task  main.o
    0x08000ac8   0x08000ac8   0x0000000a   Code   RO           37    .text.Error_Handler  main.o
    0x08000ad2   0x08000ad2   0x00000002   PAD
    0x08000ad4   0x08000ad4   0x0000010a   Code   RO          525    .text.HAL_ADC_ConfigChannel  stm32f1xx_hal_adc.o
    0x08000bde   0x08000bde   0x00000002   PAD
    0x08000be0   0x08000be0   0x00000006   Code   RO          513    .text.HAL_ADC_GetValue  stm32f1xx_hal_adc.o
    0x08000be6   0x08000be6   0x00000002   PAD
    0x08000be8   0x08000be8   0x0000011c   Code   RO          479    .text.HAL_ADC_Init  stm32f1xx_hal_adc.o
    0x08000d04   0x08000d04   0x00000066   Code   RO           82    .text.HAL_ADC_MspInit  stm32f1xx_hal_msp.o
    0x08000d6a   0x08000d6a   0x00000002   PAD
    0x08000d6c   0x08000d6c   0x0000018c   Code   RO          495    .text.HAL_ADC_PollForConversion  stm32f1xx_hal_adc.o
    0x08000ef8   0x08000ef8   0x000000de   Code   RO          489    .text.HAL_ADC_Start  stm32f1xx_hal_adc.o
    0x08000fd6   0x08000fd6   0x00000002   PAD
    0x08000fd8   0x08000fd8   0x00000032   Code   RO          493    .text.HAL_ADC_Stop  stm32f1xx_hal_adc.o
    0x0800100a   0x0800100a   0x00000002   PAD
    0x0800100c   0x0800100c   0x0000021c   Code   RO          688    .text.HAL_GPIO_Init  stm32f1xx_hal_gpio.o
    0x08001228   0x08001228   0x0000000a   Code   RO          692    .text.HAL_GPIO_ReadPin  stm32f1xx_hal_gpio.o
    0x08001232   0x08001232   0x00000002   PAD
    0x08001234   0x08001234   0x00000010   Code   RO          696    .text.HAL_GPIO_TogglePin  stm32f1xx_hal_gpio.o
    0x08001244   0x08001244   0x0000000a   Code   RO          694    .text.HAL_GPIO_WritePin  stm32f1xx_hal_gpio.o
    0x0800124e   0x0800124e   0x00000002   PAD
    0x08001250   0x08001250   0x0000000c   Code   RO          587    .text.HAL_GetTick   stm32f1xx_hal.o
    0x0800125c   0x0800125c   0x0000018e   Code   RO          959    .text.HAL_I2C_Init  stm32f1xx_hal_i2c.o
    0x080013ea   0x080013ea   0x00000002   PAD
    0x080013ec   0x080013ec   0x00000138   Code   RO          967    .text.HAL_I2C_Master_Transmit  stm32f1xx_hal_i2c.o
    0x08001524   0x08001524   0x00000068   Code   RO           86    .text.HAL_I2C_MspInit  stm32f1xx_hal_msp.o
    0x0800158c   0x0800158c   0x0000001a   Code   RO          585    .text.HAL_IncTick   stm32f1xx_hal.o
    0x080015a6   0x080015a6   0x00000002   PAD
    0x080015a8   0x080015a8   0x00000026   Code   RO          575    .text.HAL_Init      stm32f1xx_hal.o
    0x080015ce   0x080015ce   0x00000002   PAD
    0x080015d0   0x080015d0   0x000000ac   Code   RO          112    .text.HAL_InitTick  stm32f1xx_hal_timebase_tim.o
    0x0800167c   0x0800167c   0x00000042   Code   RO           80    .text.HAL_MspInit   stm32f1xx_hal_msp.o
    0x080016be   0x080016be   0x00000002   PAD
    0x080016c0   0x080016c0   0x00000008   Code   RO          758    .text.HAL_NVIC_EnableIRQ  stm32f1xx_hal_cortex.o
    0x080016c8   0x080016c8   0x0000001e   Code   RO          750    .text.HAL_NVIC_SetPriority  stm32f1xx_hal_cortex.o
    0x080016e6   0x080016e6   0x00000002   PAD
    0x080016e8   0x080016e8   0x00000008   Code   RO          746    .text.HAL_NVIC_SetPriorityGrouping  stm32f1xx_hal_cortex.o
    0x080016f0   0x080016f0   0x000000f4   Code   RO          678    .text.HAL_RCCEx_GetPeriphCLKFreq  stm32f1xx_hal_rcc_ex.o
    0x080017e4   0x080017e4   0x0000010e   Code   RO          674    .text.HAL_RCCEx_PeriphCLKConfig  stm32f1xx_hal_rcc_ex.o
    0x080018f2   0x080018f2   0x00000002   PAD
    0x080018f4   0x080018f4   0x0000016e   Code   RO          642    .text.HAL_RCC_ClockConfig  stm32f1xx_hal_rcc.o
    0x08001a62   0x08001a62   0x00000002   PAD
    0x08001a64   0x08001a64   0x00000042   Code   RO          660    .text.HAL_RCC_GetClockConfig  stm32f1xx_hal_rcc.o
    0x08001aa6   0x08001aa6   0x00000002   PAD
    0x08001aa8   0x08001aa8   0x0000000c   Code   RO          652    .text.HAL_RCC_GetHCLKFreq  stm32f1xx_hal_rcc.o
    0x08001ab4   0x08001ab4   0x00000022   Code   RO          654    .text.HAL_RCC_GetPCLK1Freq  stm32f1xx_hal_rcc.o
    0x08001ad6   0x08001ad6   0x00000002   PAD
    0x08001ad8   0x08001ad8   0x00000022   Code   RO          656    .text.HAL_RCC_GetPCLK2Freq  stm32f1xx_hal_rcc.o
    0x08001afa   0x08001afa   0x00000002   PAD
    0x08001afc   0x08001afc   0x00000060   Code   RO          644    .text.HAL_RCC_GetSysClockFreq  stm32f1xx_hal_rcc.o
    0x08001b5c   0x08001b5c   0x00000314   Code   RO          638    .text.HAL_RCC_OscConfig  stm32f1xx_hal_rcc.o
    0x08001e70   0x08001e70   0x000000ac   Code   RO         1131    .text.HAL_SPI_Init  stm32f1xx_hal_spi.o
    0x08001f1c   0x08001f1c   0x0000006a   Code   RO           90    .text.HAL_SPI_MspInit  stm32f1xx_hal_msp.o
    0x08001f86   0x08001f86   0x00000002   PAD
    0x08001f88   0x08001f88   0x0000018a   Code   RO         1139    .text.HAL_SPI_Transmit  stm32f1xx_hal_spi.o
    0x08002112   0x08002112   0x00000002   PAD
    0x08002114   0x08002114   0x00000002   Code   RO          465    .text.HAL_TIMEx_BreakCallback  stm32f1xx_hal_tim_ex.o
    0x08002116   0x08002116   0x00000002   PAD
    0x08002118   0x08002118   0x00000002   Code   RO          461    .text.HAL_TIMEx_CommutCallback  stm32f1xx_hal_tim_ex.o
    0x0800211a   0x0800211a   0x00000002   PAD
    0x0800211c   0x0800211c   0x0000004c   Code   RO          457    .text.HAL_TIMEx_ConfigBreakDeadTime  stm32f1xx_hal_tim_ex.o
    0x08002168   0x08002168   0x00000076   Code   RO          455    .text.HAL_TIMEx_MasterConfigSynchronization  stm32f1xx_hal_tim_ex.o
    0x080021de   0x080021de   0x00000002   PAD
    0x080021e0   0x080021e0   0x0000005a   Code   RO          141    .text.HAL_TIM_Base_Init  stm32f1xx_hal_tim.o
    0x0800223a   0x0800223a   0x00000002   PAD
    0x0800223c   0x0800223c   0x00000052   Code   RO           94    .text.HAL_TIM_Base_MspInit  stm32f1xx_hal_msp.o
    0x0800228e   0x0800228e   0x00000002   PAD
    0x08002290   0x08002290   0x0000005e   Code   RO          151    .text.HAL_TIM_Base_Start  stm32f1xx_hal_tim.o
    0x080022ee   0x080022ee   0x00000002   PAD
    0x080022f0   0x080022f0   0x00000066   Code   RO          155    .text.HAL_TIM_Base_Start_IT  stm32f1xx_hal_tim.o
    0x08002356   0x08002356   0x00000002   PAD
    0x08002358   0x08002358   0x000000de   Code   RO          333    .text.HAL_TIM_ConfigClockSource  stm32f1xx_hal_tim.o
    0x08002436   0x08002436   0x00000002   PAD
    0x08002438   0x08002438   0x00000002   Code   RO          277    .text.HAL_TIM_IC_CaptureCallback  stm32f1xx_hal_tim.o
    0x0800243a   0x0800243a   0x00000002   PAD
    0x0800243c   0x0800243c   0x00000134   Code   RO          275    .text.HAL_TIM_IRQHandler  stm32f1xx_hal_tim.o
    0x08002570   0x08002570   0x00000058   Code   RO           96    .text.HAL_TIM_MspPostInit  stm32f1xx_hal_msp.o
    0x080025c8   0x080025c8   0x00000002   Code   RO          279    .text.HAL_TIM_OC_DelayElapsedCallback  stm32f1xx_hal_tim.o
    0x080025ca   0x080025ca   0x00000002   PAD
    0x080025cc   0x080025cc   0x00000098   Code   RO          307    .text.HAL_TIM_PWM_ConfigChannel  stm32f1xx_hal_tim.o
    0x08002664   0x08002664   0x0000005a   Code   RO          195    .text.HAL_TIM_PWM_Init  stm32f1xx_hal_tim.o
    0x080026be   0x080026be   0x00000002   PAD
    0x080026c0   0x080026c0   0x00000002   Code   RO          197    .text.HAL_TIM_PWM_MspInit  stm32f1xx_hal_tim.o
    0x080026c2   0x080026c2   0x00000002   PAD
    0x080026c4   0x080026c4   0x00000002   Code   RO          281    .text.HAL_TIM_PWM_PulseFinishedCallback  stm32f1xx_hal_tim.o
    0x080026c6   0x080026c6   0x00000002   PAD
    0x080026c8   0x080026c8   0x000000b8   Code   RO          203    .text.HAL_TIM_PWM_Start  stm32f1xx_hal_tim.o
    0x08002780   0x08002780   0x00000016   Code   RO           39    .text.HAL_TIM_PeriodElapsedCallback  main.o
    0x08002796   0x08002796   0x00000002   PAD
    0x08002798   0x08002798   0x00000002   Code   RO          285    .text.HAL_TIM_TriggerCallback  stm32f1xx_hal_tim.o
    0x0800279a   0x0800279a   0x00000002   PAD
    0x0800279c   0x0800279c   0x00000060   Code   RO         1249    .text.HAL_UART_Init  stm32f1xx_hal_uart.o
    0x080027fc   0x080027fc   0x0000007e   Code   RO          100    .text.HAL_UART_MspInit  stm32f1xx_hal_msp.o
    0x0800287a   0x0800287a   0x00000002   PAD
    0x0800287c   0x0800287c   0x0000008c   Code   RO         1463    .text.HCSR05_GetDis  hcsr05.o
    0x08002908   0x08002908   0x00000044   Code   RO         1459    .text.HCSR05_INIT   hcsr05.o
    0x0800294c   0x0800294c   0x0000002e   Code   RO         1461    .text.HCSR05_Trigger  hcsr05.o
    0x0800297a   0x0800297a   0x00000002   PAD
    0x0800297c   0x0800297c   0x00000002   Code   RO           63    .text.HardFault_Handler  stm32f1xx_it.o
    0x0800297e   0x0800297e   0x00000002   PAD
    0x08002980   0x08002980   0x00000030   Code   RO         1121    .text.I2C_IsAcknowledgeFailed  stm32f1xx_hal_i2c.o
    0x080029b0   0x080029b0   0x000000b0   Code   RO          971    .text.I2C_MasterRequestWrite  stm32f1xx_hal_i2c.o
    0x08002a60   0x08002a60   0x0000006a   Code   RO          975    .text.I2C_WaitOnBTFFlagUntilTimeout  stm32f1xx_hal_i2c.o
    0x08002aca   0x08002aca   0x00000002   PAD
    0x08002acc   0x08002acc   0x000000a0   Code   RO          969    .text.I2C_WaitOnFlagUntilTimeout  stm32f1xx_hal_i2c.o
    0x08002b6c   0x08002b6c   0x000000a6   Code   RO         1119    .text.I2C_WaitOnMasterAddressFlagUntilTimeout  stm32f1xx_hal_i2c.o
    0x08002c12   0x08002c12   0x00000002   PAD
    0x08002c14   0x08002c14   0x0000006a   Code   RO          973    .text.I2C_WaitOnTXEFlagUntilTimeout  stm32f1xx_hal_i2c.o
    0x08002c7e   0x08002c7e   0x00000002   PAD
    0x08002c80   0x08002c80   0x00000052   Code   RO         1522    .text.LCD_Init      lcd.o
    0x08002cd2   0x08002cd2   0x00000002   PAD
    0x08002cd4   0x08002cd4   0x00000018   Code   RO         1528    .text.LCD_MoveCursor  lcd.o
    0x08002cec   0x08002cec   0x0000001c   Code   RO         1530    .text.LCD_Print     lcd.o
    0x08002d08   0x08002d08   0x0000004a   Code   RO         1524    .text.LCD_send_CMD  lcd.o
    0x08002d52   0x08002d52   0x00000002   PAD
    0x08002d54   0x08002d54   0x0000004a   Code   RO         1532    .text.LCD_send_Data  lcd.o
    0x08002d9e   0x08002d9e   0x00000002   PAD
    0x08002da0   0x08002da0   0x0000000c   Code   RO         1446    .text.LightSensor_Init  light_sensor.o
    0x08002dac   0x08002dac   0x0000002c   Code   RO         1448    .text.LightSensor_ReadRaw  light_sensor.o
    0x08002dd8   0x08002dd8   0x00000058   Code   RO           25    .text.MX_ADC1_Init  main.o
    0x08002e30   0x08002e30   0x000000ec   Code   RO           23    .text.MX_GPIO_Init  main.o
    0x08002f1c   0x08002f1c   0x0000003e   Code   RO           31    .text.MX_I2C1_Init  main.o
    0x08002f5a   0x08002f5a   0x00000002   PAD
    0x08002f5c   0x08002f5c   0x00000048   Code   RO           33    .text.MX_SPI1_Init  main.o
    0x08002fa4   0x08002fa4   0x000000f0   Code   RO           35    .text.MX_TIM1_Init  main.o
    0x08003094   0x08003094   0x0000006c   Code   RO           29    .text.MX_TIM2_Init  main.o
    0x08003100   0x08003100   0x00000038   Code   RO           27    .text.MX_USART1_UART_Init  main.o
    0x08003138   0x08003138   0x00000002   Code   RO           65    .text.MemManage_Handler  stm32f1xx_it.o
    0x0800313a   0x0800313a   0x00000002   PAD
    0x0800313c   0x0800313c   0x00000002   Code   RO           61    .text.NMI_Handler   stm32f1xx_it.o
    0x0800313e   0x0800313e   0x00000002   PAD
    0x08003140   0x08003140   0x0000002c   Code   RO          756    .text.NVIC_EncodePriority  stm32f1xx_hal_cortex.o
    0x0800316c   0x0800316c   0x00000004   PAD
    0x08003170   0x08003170   0x00000044   Code   RO         1851    .text.PendSV_Handler  port.o
    0x080031b4   0x080031b4   0x0000008a   Code   RO           13    .text.Process_Task  main.o
    0x0800323e   0x0800323e   0x00000002   PAD
    0x08003240   0x08003240   0x0000002c   Code   RO          640    .text.RCC_Delay     stm32f1xx_hal_rcc.o
    0x0800326c   0x0800326c   0x0000003a   Code   RO         1141    .text.SPI_EndRxTxTransaction  stm32f1xx_hal_spi.o
    0x080032a6   0x080032a6   0x00000002   PAD
    0x080032a8   0x080032a8   0x000000e0   Code   RO         1239    .text.SPI_WaitFlagStateUntilTimeout  stm32f1xx_hal_spi.o
    0x08003388   0x08003388   0x00000008   PAD
    0x08003390   0x08003390   0x00000024   Code   RO         1837    .text.SVC_Handler   port.o
    0x080033b4   0x080033b4   0x00000088   Code   RO           11    .text.Sensor_Task   main.o
    0x0800343c   0x0800343c   0x0000001c   Code   RO         1477    .text.Servo_Init    servo.o
    0x08003458   0x08003458   0x00000072   Code   RO         1479    .text.Servo_SetAngle  servo.o
    0x080034ca   0x080034ca   0x00000002   PAD
    0x080034cc   0x080034cc   0x0000002e   Code   RO         1853    .text.SysTick_Handler  port.o
    0x080034fa   0x080034fa   0x00000002   PAD
    0x080034fc   0x080034fc   0x0000007a   Code   RO           21    .text.SystemClock_Config  main.o
    0x08003576   0x08003576   0x00000002   PAD
    0x08003578   0x08003578   0x00000002   Code   RO         1381    .text.SystemInit    system_stm32f1xx.o
    0x0800357a   0x0800357a   0x00000002   PAD
    0x0800357c   0x0800357c   0x0000004c   Code   RO         1511    .text.TFT_DrawBitmap  tft.o
    0x080035c8   0x080035c8   0x00000032   Code   RO         1501    .text.TFT_FillScreen  tft.o
    0x080035fa   0x080035fa   0x00000002   PAD
    0x080035fc   0x080035fc   0x00000070   Code   RO         1491    .text.TFT_Init      tft.o
    0x0800366c   0x0800366c   0x0000003a   Code   RO         1495    .text.TFT_SendCmdList  tft.o
    0x080036a6   0x080036a6   0x00000002   PAD
    0x080036a8   0x080036a8   0x0000004c   Code   RO         1503    .text.TFT_SetPos    tft.o
    0x080036f4   0x080036f4   0x0000004a   Code   RO         1493    .text.TFT_WriteCmd  tft.o
    0x0800373e   0x0800373e   0x00000002   PAD
    0x08003740   0x08003740   0x0000004a   Code   RO         1497    .text.TFT_WriteData  tft.o
    0x0800378a   0x0800378a   0x00000002   PAD
    0x0800378c   0x0800378c   0x00000010   Code   RO           71    .text.TIM4_IRQHandler  stm32f1xx_it.o
    0x0800379c   0x0800379c   0x0000009a   Code   RO          145    .text.TIM_Base_SetConfig  stm32f1xx_hal_tim.o
    0x08003836   0x08003836   0x00000002   PAD
    0x08003838   0x08003838   0x00000024   Code   RO          179    .text.TIM_CCxChannelCmd  stm32f1xx_hal_tim.o
    0x0800385c   0x0800385c   0x00000016   Code   RO          331    .text.TIM_ETR_SetConfig  stm32f1xx_hal_tim.o
    0x08003872   0x08003872   0x00000002   PAD
    0x08003874   0x08003874   0x00000010   Code   RO          337    .text.TIM_ITRx_SetConfig  stm32f1xx_hal_tim.o
    0x08003884   0x08003884   0x00000060   Code   RO          289    .text.TIM_OC1_SetConfig  stm32f1xx_hal_tim.o
    0x080038e4   0x080038e4   0x00000068   Code   RO          291    .text.TIM_OC2_SetConfig  stm32f1xx_hal_tim.o
    0x0800394c   0x0800394c   0x00000068   Code   RO          293    .text.TIM_OC3_SetConfig  stm32f1xx_hal_tim.o
    0x080039b4   0x080039b4   0x0000004a   Code   RO          295    .text.TIM_OC4_SetConfig  stm32f1xx_hal_tim.o
    0x080039fe   0x080039fe   0x00000002   PAD
    0x08003a00   0x08003a00   0x00000022   Code   RO          335    .text.TIM_TI1_ConfigInputStage  stm32f1xx_hal_tim.o
    0x08003a22   0x08003a22   0x00000002   PAD
    0x08003a24   0x08003a24   0x00000024   Code   RO          339    .text.TIM_TI2_ConfigInputStage  stm32f1xx_hal_tim.o
    0x08003a48   0x08003a48   0x0000008e   Code   RO         1253    .text.UART_SetConfig  stm32f1xx_hal_uart.o
    0x08003ad6   0x08003ad6   0x00000002   PAD
    0x08003ad8   0x08003ad8   0x00000002   Code   RO           69    .text.UsageFault_Handler  stm32f1xx_it.o
    0x08003ada   0x08003ada   0x00000002   PAD
    0x08003adc   0x08003adc   0x00000020   Code   RO          760    .text.__NVIC_EnableIRQ  stm32f1xx_hal_cortex.o
    0x08003afc   0x08003afc   0x00000010   Code   RO          752    .text.__NVIC_GetPriorityGrouping  stm32f1xx_hal_cortex.o
    0x08003b0c   0x08003b0c   0x00000022   Code   RO          754    .text.__NVIC_SetPriority  stm32f1xx_hal_cortex.o
    0x08003b2e   0x08003b2e   0x00000002   PAD
    0x08003b30   0x08003b30   0x00000020   Code   RO          748    .text.__NVIC_SetPriorityGrouping  stm32f1xx_hal_cortex.o
    0x08003b50   0x08003b50   0x00000100   Code   RO           19    .text.main          main.o
    0x08003c50   0x08003c50   0x000000a2   Code   RO         1683    .text.prvAddCurrentTaskToDelayedList  tasks.o
    0x08003cf2   0x08003cf2   0x00000002   PAD
    0x08003cf4   0x08003cf4   0x000000ae   Code   RO         1671    .text.prvAddNewTaskToReadyList  tasks.o
    0x08003da2   0x08003da2   0x00000002   PAD
    0x08003da4   0x08003da4   0x00000060   Code   RO         1773    .text.prvCheckTasksWaitingTermination  tasks.o
    0x08003e04   0x08003e04   0x00000028   Code   RO         1633    .text.prvCopyDataFromQueue  queue.o
    0x08003e2c   0x08003e2c   0x0000007a   Code   RO         1623    .text.prvCopyDataToQueue  queue.o
    0x08003ea6   0x08003ea6   0x00000002   PAD
    0x08003ea8   0x08003ea8   0x00000012   Code   RO         1675    .text.prvDeleteTCB  tasks.o
    0x08003eba   0x08003eba   0x00000002   PAD
    0x08003ebc   0x08003ebc   0x00000076   Code   RO         1807    .text.prvHeapInit   heap_4.o
    0x08003f32   0x08003f32   0x00000002   PAD
    0x08003f34   0x08003f34   0x0000002a   Code   RO         1709    .text.prvIdleTask   tasks.o
    0x08003f5e   0x08003f5e   0x00000002   PAD
    0x08003f60   0x08003f60   0x00000020   Code   RO         1611    .text.prvInitialiseMutex  queue.o
    0x08003f80   0x08003f80   0x00000020   Code   RO         1607    .text.prvInitialiseNewQueue  queue.o
    0x08003fa0   0x08003fa0   0x0000008a   Code   RO         1669    .text.prvInitialiseNewTask  tasks.o
    0x0800402a   0x0800402a   0x00000002   PAD
    0x0800402c   0x0800402c   0x0000006e   Code   RO         1771    .text.prvInitialiseTaskLists  tasks.o
    0x0800409a   0x0800409a   0x00000002   PAD
    0x0800409c   0x0800409c   0x00000062   Code   RO         1809    .text.prvInsertBlockIntoFreeList  heap_4.o
    0x080040fe   0x080040fe   0x00000002   PAD
    0x08004100   0x08004100   0x00000018   Code   RO         1635    .text.prvIsQueueEmpty  queue.o
    0x08004118   0x08004118   0x0000001c   Code   RO         1625    .text.prvIsQueueFull  queue.o
    0x08004134   0x08004134   0x00000020   Code   RO         1843    .text.prvPortStartFirstTask  port.o
    0x08004154   0x08004154   0x00000028   Code   RO         1677    .text.prvResetNextTaskUnblockTime  tasks.o
    0x0800417c   0x0800417c   0x00000012   Code   RO         1835    .text.prvTaskExitError  port.o
    0x0800418e   0x0800418e   0x00000002   PAD
    0x08004190   0x08004190   0x00000072   Code   RO         1627    .text.prvUnlockQueue  queue.o
    0x08004202   0x08004202   0x00000002   PAD
    0x08004204   0x08004204   0x000000ee   Code   RO         1805    .text.pvPortMalloc  heap_4.o
    0x080042f2   0x080042f2   0x00000002   PAD
    0x080042f4   0x080042f4   0x00000018   Code   RO         1757    .text.pvTaskIncrementMutexHeldCount  tasks.o
    0x0800430c   0x0800430c   0x00000020   Code   RO         1833    .text.pxPortInitialiseStack  port.o
    0x0800432c   0x0800432c   0x00000026   Code   RO         1593    .text.uxListRemove  list.o
    0x08004352   0x08004352   0x00000002   PAD
    0x08004354   0x08004354   0x00000016   Code   RO         1585    .text.vListInitialise  list.o
    0x0800436a   0x0800436a   0x00000002   PAD
    0x0800436c   0x0800436c   0x00000006   Code   RO         1587    .text.vListInitialiseItem  list.o
    0x08004372   0x08004372   0x00000002   PAD
    0x08004374   0x08004374   0x0000003a   Code   RO         1591    .text.vListInsert   list.o
    0x080043ae   0x080043ae   0x00000002   PAD
    0x080043b0   0x080043b0   0x0000001c   Code   RO         1589    .text.vListInsertEnd  list.o
    0x080043cc   0x080043cc   0x00000020   Code   RO         1847    .text.vPortEnterCritical  port.o
    0x080043ec   0x080043ec   0x0000001a   Code   RO         1849    .text.vPortExitCritical  port.o
    0x08004406   0x08004406   0x00000002   PAD
    0x08004408   0x08004408   0x00000056   Code   RO         1811    .text.vPortFree     heap_4.o
    0x0800445e   0x0800445e   0x00000002   PAD
    0x08004460   0x08004460   0x00000018   Code   RO         1841    .text.vPortSetupTimerInterrupt  port.o
    0x08004478   0x08004478   0x00000034   Code   RO         1687    .text.vTaskDelay    tasks.o
    0x080044ac   0x080044ac   0x0000000e   Code   RO         1739    .text.vTaskMissedYield  tasks.o
    0x080044ba   0x080044ba   0x00000002   PAD
    0x080044bc   0x080044bc   0x0000001e   Code   RO         1727    .text.vTaskPlaceOnEventList  tasks.o
    0x080044da   0x080044da   0x00000002   PAD
    0x080044dc   0x080044dc   0x0000009a   Code   RO         1751    .text.vTaskPriorityInherit  tasks.o
    0x08004576   0x08004576   0x00000002   PAD
    0x08004578   0x08004578   0x0000001a   Code   RO         1735    .text.vTaskSetTimeOutState  tasks.o
    0x08004592   0x08004592   0x00000002   PAD
    0x08004594   0x08004594   0x0000006c   Code   RO         1707    .text.vTaskStartScheduler  tasks.o
    0x08004600   0x08004600   0x00000010   Code   RO         1681    .text.vTaskSuspendAll  tasks.o
    0x08004610   0x08004610   0x0000006c   Code   RO         1699    .text.vTaskSwitchContext  tasks.o
    0x0800467c   0x0800467c   0x00000030   Code   RO         1839    .text.xPortStartScheduler  port.o
    0x080046ac   0x080046ac   0x00000016   Code   RO         1609    .text.xQueueCreateMutex  queue.o
    0x080046c2   0x080046c2   0x00000002   PAD
    0x080046c4   0x080046c4   0x00000032   Code   RO         1605    .text.xQueueGenericCreate  queue.o
    0x080046f6   0x080046f6   0x00000002   PAD
    0x080046f8   0x080046f8   0x00000180   Code   RO         1619    .text.xQueueGenericReceive  queue.o
    0x08004878   0x08004878   0x0000006a   Code   RO         1603    .text.xQueueGenericReset  queue.o
    0x080048e2   0x080048e2   0x00000002   PAD
    0x080048e4   0x080048e4   0x00000136   Code   RO         1615    .text.xQueueGenericSend  queue.o
    0x08004a1a   0x08004a1a   0x00000002   PAD
    0x08004a1c   0x08004a1c   0x00000058   Code   RO         1737    .text.xTaskCheckForTimeOut  tasks.o
    0x08004a74   0x08004a74   0x00000060   Code   RO         1667    .text.xTaskCreate   tasks.o
    0x08004ad4   0x08004ad4   0x0000014c   Code   RO         1713    .text.xTaskIncrementTick  tasks.o
    0x08004c20   0x08004c20   0x0000007e   Code   RO         1753    .text.xTaskPriorityDisinherit  tasks.o
    0x08004c9e   0x08004c9e   0x00000002   PAD
    0x08004ca0   0x08004ca0   0x0000007c   Code   RO         1731    .text.xTaskRemoveFromEventList  tasks.o
    0x08004d1c   0x08004d1c   0x00000100   Code   RO         1685    .text.xTaskResumeAll  tasks.o
    0x08004e1c   0x08004e1c   0x0000000e   Code   RO         1885    i._is_digit         c_w.l(__printf_wp.o)
    0x08004e2a   0x08004e2a   0x00000011   Data   RO         1893    .constdata          c_w.l(__printf_flags_ss_wp.o)
    0x08004e3b   0x08004e3b   0x00000010   Data   RO         1386    .rodata.AHBPrescTable  system_stm32f1xx.o
    0x08004e4b   0x08004e4b   0x00000008   Data   RO         1387    .rodata.APBPrescTable  system_stm32f1xx.o
    0x08004e53   0x08004e53   0x00000001   PAD
    0x08004e54   0x08004e54   0x000062c0   Data   RO         1548    .rodata.door_open   dorr_open.o
    0x0800b114   0x0800b114   0x0000002a   Data   RO           46    .rodata.str1.1      main.o
    0x0800b13e   0x0800b13e   0x00000052   Data   RO         1513    .rodata.u8InitCmdList  tft.o
    0x0800b190   0x0800b190   0x00000020   Data   RO         2217    Region$$Table       anon$$obj.o


    Execution Region RW_IRAM1 (Exec base: 0x20000000, Load base: 0x0800b1b0, Size: 0x000041c8, Max: 0x00005000, ABSOLUTE)

    Exec Addr    Load Addr    Size         Type   Attr      Idx    E Section Name        Object

    0x20000000   0x0800b1b0   0x00000004   Data   RW         1385    .data.SystemCoreClock  system_stm32f1xx.o
    0x20000004   0x0800b1b4   0x00000001   Data   RW          626    .data.uwTickFreq    stm32f1xx_hal.o
    0x20000005   0x0800b1b5   0x00000003   PAD
    0x20000008   0x0800b1b8   0x00000004   Data   RW          625    .data.uwTickPrio    stm32f1xx_hal.o
    0x2000000c   0x0800b1bc   0x00000004   Data   RW         1855    .data.uxCriticalNesting  port.o
    0x20000010        -       0x00000060   Zero   RW         2075    .bss                c_w.l(libspace.o)
    0x20000070        -       0x00000002   Zero   RW         1409    .bss.DHT_Pin        dht11.o
    0x20000072   0x0800b1c0   0x00000002   PAD
    0x20000074        -       0x00000004   Zero   RW         1408    .bss.DHT_Port       dht11.o
    0x20000078        -       0x00000002   Zero   RW         1468    .bss.ECHO_Pin       hcsr05.o
    0x2000007a   0x0800b1c0   0x00000002   PAD
    0x2000007c        -       0x00000004   Zero   RW         1467    .bss.ECHO_Port      hcsr05.o
    0x20000080        -       0x00000002   Zero   RW         1466    .bss.TRIG_Pin       hcsr05.o
    0x20000082   0x0800b1c0   0x00000002   PAD
    0x20000084        -       0x00000004   Zero   RW         1465    .bss.TRIG_Port      hcsr05.o
    0x20000088        -       0x00000004   Zero   RW         1437    .bss.debug_mutex    debug_uart.o
    0x2000008c        -       0x00000004   Zero   RW         1436    .bss.debug_uart     debug_uart.o
    0x20000090        -       0x00000002   Zero   RW           42    .bss.dhtData        main.o
    0x20000092   0x0800b1c0   0x00000002   PAD
    0x20000094        -       0x00000004   Zero   RW           44    .bss.displayQueue   main.o
    0x20000098        -       0x00000030   Zero   RW           41    .bss.hadc1          main.o
    0x200000c8        -       0x00000054   Zero   RW           49    .bss.hi2c1          main.o
    0x2000011c        -       0x00000058   Zero   RW           50    .bss.hspi1          main.o
    0x20000174        -       0x00000048   Zero   RW           45    .bss.htim1          main.o
    0x200001bc        -       0x00000048   Zero   RW           51    .bss.htim2          main.o
    0x20000204        -       0x00000048   Zero   RW          118    .bss.htim4          stm32f1xx_hal_timebase_tim.o
    0x2000024c        -       0x00000048   Zero   RW           48    .bss.huart1         main.o
    0x20000294        -       0x00000004   Zero   RW         1450    .bss.light_hadc     light_sensor.o
    0x20000298        -       0x00000004   Zero   RW         1775    .bss.pxCurrentTCB   tasks.o
    0x2000029c        -       0x00000004   Zero   RW         1784    .bss.pxDelayedTaskList  tasks.o
    0x200002a0        -       0x00000004   Zero   RW         1819    .bss.pxEnd          heap_4.o
    0x200002a4        -       0x00000004   Zero   RW         1785    .bss.pxOverflowDelayedTaskList  tasks.o
    0x200002a8        -       0x00000064   Zero   RW         1776    .bss.pxReadyTasksLists  tasks.o
    0x2000030c        -       0x00000004   Zero   RW           43    .bss.sensorQueue    main.o
    0x20000310        -       0x00000004   Zero   RW         1482    .bss.servo_channel  servo.o
    0x20000314        -       0x00000004   Zero   RW         1481    .bss.servo_tim      servo.o
    0x20000318        -       0x00000004   Zero   RW           47    .bss.uartMutex      main.o
    0x2000031c        -       0x00003800   Zero   RW         1824    .bss.ucHeap         heap_4.o
    0x20003b1c        -       0x00000004   Zero   RW          627    .bss.uwTick         stm32f1xx_hal.o
    0x20003b20        -       0x00000004   Zero   RW         1781    .bss.uxCurrentNumberOfTasks  tasks.o
    0x20003b24        -       0x00000004   Zero   RW         1780    .bss.uxDeletedTasksWaitingCleanUp  tasks.o
    0x20003b28        -       0x00000004   Zero   RW         1792    .bss.uxPendedTicks  tasks.o
    0x20003b2c        -       0x00000004   Zero   RW         1787    .bss.uxSchedulerSuspended  tasks.o
    0x20003b30        -       0x00000004   Zero   RW         1778    .bss.uxTaskNumber   tasks.o
    0x20003b34        -       0x00000004   Zero   RW         1777    .bss.uxTopReadyPriority  tasks.o
    0x20003b38        -       0x00000001   Zero   RW         1820    .bss.xBlockAllocatedBit  heap_4.o
    0x20003b39   0x0800b1c0   0x00000003   PAD
    0x20003b3c        -       0x00000014   Zero   RW         1794    .bss.xDelayedTaskList1  tasks.o
    0x20003b50        -       0x00000014   Zero   RW         1795    .bss.xDelayedTaskList2  tasks.o
    0x20003b64        -       0x00000004   Zero   RW         1821    .bss.xFreeBytesRemaining  heap_4.o
    0x20003b68        -       0x00000004   Zero   RW         1789    .bss.xIdleTaskHandle  tasks.o
    0x20003b6c        -       0x00000004   Zero   RW         1823    .bss.xMinimumEverFreeBytesRemaining  heap_4.o
    0x20003b70        -       0x00000004   Zero   RW         1790    .bss.xNextTaskUnblockTime  tasks.o
    0x20003b74        -       0x00000004   Zero   RW         1793    .bss.xNumOfOverflows  tasks.o
    0x20003b78        -       0x00000014   Zero   RW         1788    .bss.xPendingReadyList  tasks.o
    0x20003b8c        -       0x00000004   Zero   RW         1782    .bss.xSchedulerRunning  tasks.o
    0x20003b90        -       0x00000008   Zero   RW         1822    .bss.xStart         heap_4.o
    0x20003b98        -       0x00000014   Zero   RW         1786    .bss.xSuspendedTaskList  tasks.o
    0x20003bac        -       0x00000014   Zero   RW         1779    .bss.xTasksWaitingTermination  tasks.o
    0x20003bc0        -       0x00000004   Zero   RW         1783    .bss.xTickCount     tasks.o
    0x20003bc4        -       0x00000004   Zero   RW         1791    .bss.xYieldPending  tasks.o
    0x20003bc8        -       0x00000200   Zero   RW            2    HEAP                startup_stm32f103xb.o
    0x20003dc8        -       0x00000400   Zero   RW            1    STACK               startup_stm32f103xb.o


==============================================================================

Image component sizes


      Code (inc. data)   RO Data    RW Data    ZI Data      Debug   Object Name

        64          0          0          0          0        967   bsp_delay.o
        22          0          0          0          8       3865   debug_uart.o
       472          0          0          0          6       2603   dht11.o
         0          0      25280          0          0        401   dorr_open.o
       254          0          0          0         12       1723   hcsr05.o
       540          0          0          0      14357       3248   heap_4.o
       282          0          0          0          0       1735   lcd.o
        56          0          0          0          4       2963   light_sensor.o
       152          0          0          0          0       2027   list.o
      1770         52         42          0        450      13243   main.o
       362         12          0          4          0       2564   port.o
      1264          0          0          0          0      12986   queue.o
       142          0          0          0          8       3881   servo.o
        64         26        236          0       1536        800   startup_stm32f103xb.o
        76          0          0          5          4       5739   stm32f1xx_hal.o
      1456          0          0          0          0      11009   stm32f1xx_hal_adc.o
       204          0          0          0          0       8348   stm32f1xx_hal_cortex.o
       576         20          0          0          0       4629   stm32f1xx_hal_gpio.o
      1472          0          0          0          0      39718   stm32f1xx_hal_i2c.o
       674          0          0          0          0      10985   stm32f1xx_hal_msp.o
      1440         20          0          0          0       7017   stm32f1xx_hal_rcc.o
       514         20          0          0          0       3503   stm32f1xx_hal_rcc_ex.o
       848          0          0          0          0      19924   stm32f1xx_hal_spi.o
      1928          4          0          0          0      41905   stm32f1xx_hal_tim.o
       198          0          0          0          0      17841   stm32f1xx_hal_tim_ex.o
       172          0          0          0         72       5830   stm32f1xx_hal_timebase_tim.o
       238          0          0          0          0      23915   stm32f1xx_hal_uart.o
        26          0          0          0          0        802   stm32f1xx_it.o
         2          0         24          4          0       1601   system_stm32f1xx.o
      2334          8          0          0        260      23252   tasks.o
       540          0         82          0          0       4627   tft.o

    ----------------------------------------------------------------------
     18348        162      25697         16      16728     283651   Object Totals
         0          0         32          0          0          0   (incl. Generated)
       206          0          1          3         11          0   (incl. Padding)

    ----------------------------------------------------------------------

      Code (inc. data)   RO Data    RW Data    ZI Data      Debug   Library Member Name

        44          6          0          0          0         84   __2sprintf.o
         8          0          0          0          0         68   __main.o
       392          4         17          0          0         92   __printf_flags_ss_wp.o
        14          0          0          0          0         68   __printf_wp.o
         0          0          0          0          0          0   __rtentry.o
        12          0          0          0          0          0   __rtentry2.o
         6          0          0          0          0          0   __rtentry4.o
        52          8          0          0          0          0   __scatter.o
        26          0          0          0          0          0   __scatter_copy.o
        28          0          0          0          0          0   __scatter_zi.o
        48          6          0          0          0         96   _printf_char_common.o
         6          0          0          0          0          0   _printf_d.o
       120         16          0          0          0         92   _printf_dec.o
       178          0          0          0          0         88   _printf_intcommon.o
         0          0          0          0          0          0   _printf_percent.o
         4          0          0          0          0          0   _printf_percent_end.o
        10          0          0          0          0         68   _sputc.o
        16          0          0          0          0         68   aeabi_memset4.o
        18          0          0          0          0         80   exit.o
         6          0          0          0          0        152   heapauxi.o
         0          0          0          0          0          0   indicate_semi.o
         2          0          0          0          0          0   libinit.o
         2          0          0          0          0          0   libinit2.o
         2          0          0          0          0          0   libshutdown.o
         2          0          0          0          0          0   libshutdown2.o
         8          4          0          0         96         68   libspace.o
        78          0          0          0          0         80   rt_memclr_w.o
       138          0          0          0          0         68   rt_memcpy_v6.o
       100          0          0          0          0         80   rt_memcpy_w.o
         2          0          0          0          0          0   rtexit.o
        10          0          0          0          0          0   rtexit2.o
        12          4          0          0          0         68   sys_exit.o
        74          0          0          0          0         80   sys_stackheap_outer.o
         2          0          0          0          0         68   use_no_semi.o

    ----------------------------------------------------------------------
      1426         48         17          0         96       1468   Library Totals
         6          0          0          0          0          0   (incl. Padding)

    ----------------------------------------------------------------------

      Code (inc. data)   RO Data    RW Data    ZI Data      Debug   Library Name

      1420         48         17          0         96       1468   c_w.l

    ----------------------------------------------------------------------
      1426         48         17          0         96       1468   Library Totals

    ----------------------------------------------------------------------

==============================================================================


      Code (inc. data)   RO Data    RW Data    ZI Data      Debug   

     19774        210      25714         16      16824     283991   Grand Totals
     19774        210      25714         16      16824     283991   ELF Image Totals
     19774        210      25714         16          0          0   ROM Totals

==============================================================================

    Total RO  Size (Code + RO Data)                45488 (  44.42kB)
    Total RW  Size (RW Data + ZI Data)             16840 (  16.45kB)
    Total ROM Size (Code + RO Data + RW Data)      45504 (  44.44kB)

==============================================================================

